Archive member included to satisfy reference by file (symbol)

c:/st/stm32cubeide_1.5.1/stm32cubeide/plugins/com.st.stm32cube.ide.mcu.externaltools.gnu-tools-for-stm32.7-2018-q2-update.win32_1.5.0.202011040924/tools/bin/../lib/gcc/arm-none-eabi/7.3.1/../../../../arm-none-eabi/lib/thumb/v7e-m/fpv4-sp/hard\libc_nano.a(lib_a-errno.o)
                              Core/Src/syscalls.o (__errno)
c:/st/stm32cubeide_1.5.1/stm32cubeide/plugins/com.st.stm32cube.ide.mcu.externaltools.gnu-tools-for-stm32.7-2018-q2-update.win32_1.5.0.202011040924/tools/bin/../lib/gcc/arm-none-eabi/7.3.1/../../../../arm-none-eabi/lib/thumb/v7e-m/fpv4-sp/hard\libc_nano.a(lib_a-exit.o)
                              c:/st/stm32cubeide_1.5.1/stm32cubeide/plugins/com.st.stm32cube.ide.mcu.externaltools.gnu-tools-for-stm32.7-2018-q2-update.win32_1.5.0.202011040924/tools/bin/../lib/gcc/arm-none-eabi/7.3.1/../../../../arm-none-eabi/lib/thumb/v7e-m/fpv4-sp/hard/crt0.o (exit)
c:/st/stm32cubeide_1.5.1/stm32cubeide/plugins/com.st.stm32cube.ide.mcu.externaltools.gnu-tools-for-stm32.7-2018-q2-update.win32_1.5.0.202011040924/tools/bin/../lib/gcc/arm-none-eabi/7.3.1/../../../../arm-none-eabi/lib/thumb/v7e-m/fpv4-sp/hard\libc_nano.a(lib_a-impure.o)
                              c:/st/stm32cubeide_1.5.1/stm32cubeide/plugins/com.st.stm32cube.ide.mcu.externaltools.gnu-tools-for-stm32.7-2018-q2-update.win32_1.5.0.202011040924/tools/bin/../lib/gcc/arm-none-eabi/7.3.1/../../../../arm-none-eabi/lib/thumb/v7e-m/fpv4-sp/hard\libc_nano.a(lib_a-exit.o) (_global_impure_ptr)
c:/st/stm32cubeide_1.5.1/stm32cubeide/plugins/com.st.stm32cube.ide.mcu.externaltools.gnu-tools-for-stm32.7-2018-q2-update.win32_1.5.0.202011040924/tools/bin/../lib/gcc/arm-none-eabi/7.3.1/../../../../arm-none-eabi/lib/thumb/v7e-m/fpv4-sp/hard\libc_nano.a(lib_a-init.o)
                              c:/st/stm32cubeide_1.5.1/stm32cubeide/plugins/com.st.stm32cube.ide.mcu.externaltools.gnu-tools-for-stm32.7-2018-q2-update.win32_1.5.0.202011040924/tools/bin/../lib/gcc/arm-none-eabi/7.3.1/../../../../arm-none-eabi/lib/thumb/v7e-m/fpv4-sp/hard/crt0.o (__libc_init_array)
c:/st/stm32cubeide_1.5.1/stm32cubeide/plugins/com.st.stm32cube.ide.mcu.externaltools.gnu-tools-for-stm32.7-2018-q2-update.win32_1.5.0.202011040924/tools/bin/../lib/gcc/arm-none-eabi/7.3.1/../../../../arm-none-eabi/lib/thumb/v7e-m/fpv4-sp/hard\libc_nano.a(lib_a-malloc.o)
                              Middlewares/ST/STM32_USB_Device_Library/Class/DFU/Src/usbd_dfu.o (malloc)
c:/st/stm32cubeide_1.5.1/stm32cubeide/plugins/com.st.stm32cube.ide.mcu.externaltools.gnu-tools-for-stm32.7-2018-q2-update.win32_1.5.0.202011040924/tools/bin/../lib/gcc/arm-none-eabi/7.3.1/../../../../arm-none-eabi/lib/thumb/v7e-m/fpv4-sp/hard\libc_nano.a(lib_a-memset.o)
                              c:/st/stm32cubeide_1.5.1/stm32cubeide/plugins/com.st.stm32cube.ide.mcu.externaltools.gnu-tools-for-stm32.7-2018-q2-update.win32_1.5.0.202011040924/tools/bin/../lib/gcc/arm-none-eabi/7.3.1/../../../../arm-none-eabi/lib/thumb/v7e-m/fpv4-sp/hard/crt0.o (memset)
c:/st/stm32cubeide_1.5.1/stm32cubeide/plugins/com.st.stm32cube.ide.mcu.externaltools.gnu-tools-for-stm32.7-2018-q2-update.win32_1.5.0.202011040924/tools/bin/../lib/gcc/arm-none-eabi/7.3.1/../../../../arm-none-eabi/lib/thumb/v7e-m/fpv4-sp/hard\libc_nano.a(lib_a-nano-freer.o)
                              c:/st/stm32cubeide_1.5.1/stm32cubeide/plugins/com.st.stm32cube.ide.mcu.externaltools.gnu-tools-for-stm32.7-2018-q2-update.win32_1.5.0.202011040924/tools/bin/../lib/gcc/arm-none-eabi/7.3.1/../../../../arm-none-eabi/lib/thumb/v7e-m/fpv4-sp/hard\libc_nano.a(lib_a-malloc.o) (_free_r)
c:/st/stm32cubeide_1.5.1/stm32cubeide/plugins/com.st.stm32cube.ide.mcu.externaltools.gnu-tools-for-stm32.7-2018-q2-update.win32_1.5.0.202011040924/tools/bin/../lib/gcc/arm-none-eabi/7.3.1/../../../../arm-none-eabi/lib/thumb/v7e-m/fpv4-sp/hard\libc_nano.a(lib_a-nano-mallocr.o)
                              c:/st/stm32cubeide_1.5.1/stm32cubeide/plugins/com.st.stm32cube.ide.mcu.externaltools.gnu-tools-for-stm32.7-2018-q2-update.win32_1.5.0.202011040924/tools/bin/../lib/gcc/arm-none-eabi/7.3.1/../../../../arm-none-eabi/lib/thumb/v7e-m/fpv4-sp/hard\libc_nano.a(lib_a-malloc.o) (_malloc_r)
c:/st/stm32cubeide_1.5.1/stm32cubeide/plugins/com.st.stm32cube.ide.mcu.externaltools.gnu-tools-for-stm32.7-2018-q2-update.win32_1.5.0.202011040924/tools/bin/../lib/gcc/arm-none-eabi/7.3.1/../../../../arm-none-eabi/lib/thumb/v7e-m/fpv4-sp/hard\libc_nano.a(lib_a-puts.o)
                              Core/Src/main.o (puts)
c:/st/stm32cubeide_1.5.1/stm32cubeide/plugins/com.st.stm32cube.ide.mcu.externaltools.gnu-tools-for-stm32.7-2018-q2-update.win32_1.5.0.202011040924/tools/bin/../lib/gcc/arm-none-eabi/7.3.1/../../../../arm-none-eabi/lib/thumb/v7e-m/fpv4-sp/hard\libc_nano.a(lib_a-sbrkr.o)
[...]
Memory Configuration

Name             Origin             Length             Attributes
RAM              0x0000000020000000 0x0000000000040000 xrw
FLASH            0x0000000008010000 0x00000000000f0000 xr
*default*        0x0000000000000000 0xffffffffffffffff

Linker script and memory map

LOAD c:/st/stm32cubeide_1.5.1/stm32cubeide/plugins/com.st.stm32cube.ide.mcu.externaltools.gnu-tools-for-stm32.7-2018-q2-update.win32_1.5.0.202011040924/tools/bin/../lib/gcc/arm-none-eabi/7.3.1/thumb/v7e-m/fpv4-sp/hard/crti.o
LOAD c:/st/stm32cubeide_1.5.1/stm32cubeide/plugins/com.st.stm32cube.ide.mcu.externaltools.gnu-tools-for-stm32.7-2018-q2-update.win32_1.5.0.202011040924/tools/bin/../lib/gcc/arm-none-eabi/7.3.1/thumb/v7e-m/fpv4-sp/hard/crtbegin.o
LOAD c:/st/stm32cubeide_1.5.1/stm32cubeide/plugins/com.st.stm32cube.ide.mcu.externaltools.gnu-tools-for-stm32.7-2018-q2-update.win32_1.5.0.202011040924/tools/bin/../lib/gcc/arm-none-eabi/7.3.1/../../../../arm-none-eabi/lib/thumb/v7e-m/fpv4-sp/hard/crt0.o
LOAD Core/Src/gpio.o
LOAD Core/Src/main.o
LOAD Core/Src/stm32f4xx_hal_msp.o
LOAD Core/Src/stm32f4xx_it.o
LOAD Core/Src/syscalls.o
LOAD Core/Src/sysmem.o
LOAD Core/Src/system_stm32f4xx.o
LOAD Core/Src/usart.o
LOAD Core/Startup/startup_stm32f412zgtx.o
LOAD Drivers/STM32F4xx_HAL_Driver/Src/stm32f4xx_hal.o
LOAD Drivers/STM32F4xx_HAL_Driver/Src/stm32f4xx_hal_cortex.o
LOAD Drivers/STM32F4xx_HAL_Driver/Src/stm32f4xx_hal_dma.o
LOAD Drivers/STM32F4xx_HAL_Driver/Src/stm32f4xx_hal_dma_ex.o
LOAD Drivers/STM32F4xx_HAL_Driver/Src/stm32f4xx_hal_exti.o
LOAD Drivers/STM32F4xx_HAL_Driver/Src/stm32f4xx_hal_flash.o
LOAD Drivers/STM32F4xx_HAL_Driver/Src/stm32f4xx_hal_flash_ex.o
LOAD Drivers/STM32F4xx_HAL_Driver/Src/stm32f4xx_hal_flash_ramfunc.o
LOAD Drivers/STM32F4xx_HAL_Driver/Src/stm32f4xx_hal_gpio.o
LOAD Drivers/STM32F4xx_HAL_Driver/Src/stm32f4xx_hal_pcd.o
LOAD Drivers/STM32F4xx_HAL_Driver/Src/stm32f4xx_hal_pcd_ex.o
LOAD Drivers/STM32F4xx_HAL_Driver/Src/stm32f4xx_hal_pwr.o
LOAD Drivers/STM32F4xx_HAL_Driver/Src/stm32f4xx_hal_pwr_ex.o
LOAD Drivers/STM32F4xx_HAL_Driver/Src/stm32f4xx_hal_rcc.o
LOAD Drivers/STM32F4xx_HAL_Driver/Src/stm32f4xx_hal_rcc_ex.o
LOAD Drivers/STM32F4xx_HAL_Driver/Src/stm32f4xx_hal_tim.o
LOAD Drivers/STM32F4xx_HAL_Driver/Src/stm32f4xx_hal_tim_ex.o
LOAD Drivers/STM32F4xx_HAL_Driver/Src/stm32f4xx_hal_uart.o
LOAD Drivers/STM32F4xx_HAL_Driver/Src/stm32f4xx_ll_usb.o
LOAD Middlewares/ST/STM32_USB_Device_Library/Class/DFU/Src/usbd_dfu.o
LOAD Middlewares/ST/STM32_USB_Device_Library/Core/Src/usbd_core.o
LOAD Middlewares/ST/STM32_USB_Device_Library/Core/Src/usbd_ctlreq.o
LOAD Middlewares/ST/STM32_USB_Device_Library/Core/Src/usbd_ioreq.o
LOAD USB_DEVICE/App/usb_device.o
LOAD USB_DEVICE/App/usbd_desc.o
LOAD USB_DEVICE/App/usbd_dfu_if.o
LOAD USB_DEVICE/Target/usbd_conf.o
START GROUP
LOAD c:/st/stm32cubeide_1.5.1/stm32cubeide/plugins/com.st.stm32cube.ide.mcu.externaltools.gnu-tools-for-stm32.7-2018-q2-update.win32_1.5.0.202011040924/tools/bin/../lib/gcc/arm-none-eabi/7.3.1/../../../../arm-none-eabi/lib/thumb/v7e-m/fpv4-sp/hard\libc_nano.a
LOAD c:/st/stm32cubeide_1.5.1/stm32cubeide/plugins/com.st.stm32cube.ide.mcu.externaltools.gnu-tools-for-stm32.7-2018-q2-update.win32_1.5.0.202011040924/tools/bin/../lib/gcc/arm-none-eabi/7.3.1/../../../../arm-none-eabi/lib/thumb/v7e-m/fpv4-sp/hard\libm.a
END GROUP
START GROUP
LOAD c:/st/stm32cubeide_1.5.1/stm32cubeide/plugins/com.st.stm32cube.ide.mcu.externaltools.gnu-tools-for-stm32.7-2018-q2-update.win32_1.5.0.202011040924/tools/bin/../lib/gcc/arm-none-eabi/7.3.1/thumb/v7e-m/fpv4-sp/hard\libgcc.a
LOAD c:/st/stm32cubeide_1.5.1/stm32cubeide/plugins/com.st.stm32cube.ide.mcu.externaltools.gnu-tools-for-stm32.7-2018-q2-update.win32_1.5.0.202011040924/tools/bin/../lib/gcc/arm-none-eabi/7.3.1/../../../../arm-none-eabi/lib/thumb/v7e-m/fpv4-sp/hard\libc_nano.a
END GROUP
START GROUP
LOAD c:/st/stm32cubeide_1.5.1/stm32cubeide/plugins/com.st.stm32cube.ide.mcu.externaltools.gnu-tools-for-stm32.7-2018-q2-update.win32_1.5.0.202011040924/tools/bin/../lib/gcc/arm-none-eabi/7.3.1/thumb/v7e-m/fpv4-sp/hard\libgcc.a
LOAD c:/st/stm32cubeide_1.5.1/stm32cubeide/plugins/com.st.stm32cube.ide.mcu.externaltools.gnu-tools-for-stm32.7-2018-q2-update.win32_1.5.0.202011040924/tools/bin/../lib/gcc/arm-none-eabi/7.3.1/../../../../arm-none-eabi/lib/thumb/v7e-m/fpv4-sp/hard\libc_nano.a
LOAD c:/st/stm32cubeide_1.5.1/stm32cubeide/plugins/com.st.stm32cube.ide.mcu.externaltools.gnu-tools-for-stm32.7-2018-q2-update.win32_1.5.0.202011040924/tools/bin/../lib/gcc/arm-none-eabi/7.3.1/../../../../arm-none-eabi/lib/thumb/v7e-m/fpv4-sp/hard\libnosys.a
END GROUP
START GROUP
LOAD c:/st/stm32cubeide_1.5.1/stm32cubeide/plugins/com.st.stm32cube.ide.mcu.externaltools.gnu-tools-for-stm32.7-2018-q2-update.win32_1.5.0.202011040924/tools/bin/../lib/gcc/arm-none-eabi/7.3.1/thumb/v7e-m/fpv4-sp/hard\libgcc.a
LOAD c:/st/stm32cubeide_1.5.1/stm32cubeide/plugins/com.st.stm32cube.ide.mcu.externaltools.gnu-tools-for-stm32.7-2018-q2-update.win32_1.5.0.202011040924/tools/bin/../lib/gcc/arm-none-eabi/7.3.1/../../../../arm-none-eabi/lib/thumb/v7e-m/fpv4-sp/hard\libc_nano.a
LOAD c:/st/stm32cubeide_1.5.1/stm32cubeide/plugins/com.st.stm32cube.ide.mcu.externaltools.gnu-tools-for-stm32.7-2018-q2-update.win32_1.5.0.202011040924/tools/bin/../lib/gcc/arm-none-eabi/7.3.1/../../../../arm-none-eabi/lib/thumb/v7e-m/fpv4-sp/hard\libnosys.a
END GROUP
LOAD c:/st/stm32cubeide_1.5.1/stm32cubeide/plugins/com.st.stm32cube.ide.mcu.externaltools.gnu-tools-for-stm32.7-2018-q2-update.win32_1.5.0.202011040924/tools/bin/../lib/gcc/arm-none-eabi/7.3.1/thumb/v7e-m/fpv4-sp/hard/crtend.o
LOAD c:/st/stm32cubeide_1.5.1/stm32cubeide/plugins/com.st.stm32cube.ide.mcu.externaltools.gnu-tools-for-stm32.7-2018-q2-update.win32_1.5.0.202011040924/tools/bin/../lib/gcc/arm-none-eabi/7.3.1/thumb/v7e-m/fpv4-sp/hard/crtn.o
                0x0000000020040000                _estack = (ORIGIN (RAM) + LENGTH (RAM))
                0x0000000000000200                _Min_Heap_Size = 0x200
                0x0000000000000400                _Min_Stack_Size = 0x400

.isr_vector     0x0000000008010000      0x1c4
                0x0000000008010000                . = ALIGN (0x4)
 *(.isr_vector)
 .isr_vector    0x0000000008010000      0x1c4 Core/Startup/startup_stm32f412zgtx.o
                0x0000000008010000                g_pfnVectors
                0x00000000080101c4                . = ALIGN (0x4)

.text           0x00000000080101c4     0x7fa8
                0x00000000080101c4                . = ALIGN (0x4)
 *(.text)
 .text          0x00000000080101c4       0x40 c:/st/stm32cubeide_1.5.1/stm32cubeide/plugins/com.st.stm32cube.ide.mcu.externaltools.gnu-tools-for-stm32.7-2018-q2-update.win32_1.5.0.202011040924/tools/bin/../lib/gcc/arm-none-eabi/7.3.1/thumb/v7e-m/fpv4-sp/hard/crtbegin.o
 .text          0x0000000008010204       0x30 c:/st/stm32cubeide_1.5.1/stm32cubeide/plugins/com.st.stm32cube.ide.mcu.externaltools.gnu-tools-for-stm32.7-2018-q2-update.win32_1.5.0.202011040924/tools/bin/../lib/gcc/arm-none-eabi/7.3.1/thumb/v7e-m/fpv4-sp/hard\libgcc.a(_aeabi_uldivmod.o)
                0x0000000008010204                __aeabi_uldivmod
 .text          0x0000000008010234      0x2cc c:/st/stm32cubeide_1.5.1/stm32cubeide/plugins/com.st.stm32cube.ide.mcu.externaltools.gnu-tools-for-stm32.7-2018-q2-update.win32_1.5.0.202011040924/tools/bin/../lib/gcc/arm-none-eabi/7.3.1/thumb/v7e-m/fpv4-sp/hard\libgcc.a(_udivmoddi4.o)
                0x0000000008010234                __udivmoddi4
 .text          0x0000000008010500        0x4 c:/st/stm32cubeide_1.5.1/stm32cubeide/plugins/com.st.stm32cube.ide.mcu.externaltools.gnu-tools-for-stm32.7-2018-q2-update.win32_1.5.0.202011040924/tools/bin/../lib/gcc/arm-none-eabi/7.3.1/thumb/v7e-m/fpv4-sp/hard\libgcc.a(_dvmd_tls.o)
                0x0000000008010500                __aeabi_idiv0
                0x0000000008010500                __aeabi_ldiv0
 *(.text*)
 .text.MX_GPIO_Init
                0x0000000008010504      0x184 Core/Src/gpio.o
                0x0000000008010504                MX_GPIO_Init
 .text.__io_putchar
                0x0000000008010688       0x24 Core/Src/main.o
                0x0000000008010688                __io_putchar
 .text.main     0x00000000080106ac       0x38 Core/Src/main.o
                0x00000000080106ac                main
 .text.SystemClock_Config
                0x00000000080106e4      0x108 Core/Src/main.o
                0x00000000080106e4                SystemClock_Config
 .text.Error_Handler
                0x00000000080107ec        0x8 Core/Src/main.o
                0x00000000080107ec                Error_Handler
 .text.HAL_MspInit
                0x00000000080107f4       0x50 Core/Src/stm32f4xx_hal_msp.o
                0x00000000080107f4                HAL_MspInit
 .text.NMI_Handler
                0x0000000008010844        0x6 Core/Src/stm32f4xx_it.o
                0x0000000008010844                NMI_Handler
 .text.HardFault_Handler
                0x000000000801084a        0x6 Core/Src/stm32f4xx_it.o
                0x000000000801084a                HardFault_Handler
 .text.MemManage_Handler
                0x0000000008010850        0x6 Core/Src/stm32f4xx_it.o
                0x0000000008010850                MemManage_Handler
 .text.BusFault_Handler
                0x0000000008010856        0x6 Core/Src/stm32f4xx_it.o
                0x0000000008010856                BusFault_Handler
 .text.UsageFault_Handler
                0x000000000801085c        0x6 Core/Src/stm32f4xx_it.o
                0x000000000801085c                UsageFault_Handler
 .text.SVC_Handler
                0x0000000008010862        0xe Core/Src/stm32f4xx_it.o
                0x0000000008010862                SVC_Handler
 .text.DebugMon_Handler
                0x0000000008010870        0xe Core/Src/stm32f4xx_it.o
                0x0000000008010870                DebugMon_Handler
 .text.PendSV_Handler
                0x000000000801087e        0xe Core/Src/stm32f4xx_it.o
                0x000000000801087e                PendSV_Handler
 .text.SysTick_Handler
                0x000000000801088c        0xc Core/Src/stm32f4xx_it.o
                0x000000000801088c                SysTick_Handler
 .text.OTG_FS_IRQHandler
                0x0000000008010898       0x14 Core/Src/stm32f4xx_it.o
                0x0000000008010898                OTG_FS_IRQHandler
 .text._read    0x00000000080108ac       0x3a Core/Src/syscalls.o
                0x00000000080108ac                _read
 .text._write   0x00000000080108e6       0x38 Core/Src/syscalls.o
                0x00000000080108e6                _write
 .text._close   0x000000000801091e       0x18 Core/Src/syscalls.o
                0x000000000801091e                _close
 .text._fstat   0x0000000008010936       0x20 Core/Src/syscalls.o
                0x0000000008010936                _fstat
 .text._isatty  0x0000000008010956       0x16 Core/Src/syscalls.o
                0x0000000008010956                _isatty
 .text._lseek   0x000000000801096c       0x1a Core/Src/syscalls.o
                0x000000000801096c                _lseek
 *fill*         0x0000000008010986        0x2
 .text._sbrk    0x0000000008010988       0x6c Core/Src/sysmem.o
                0x0000000008010988                _sbrk
 .text.SystemInit
                0x00000000080109f4       0x2c Core/Src/system_stm32f4xx.o
                0x00000000080109f4                SystemInit
 .text.MX_USART2_UART_Init
                0x0000000008010a20       0x54 Core/Src/usart.o
                0x0000000008010a20                MX_USART2_UART_Init
 .text.HAL_UART_MspInit
                0x0000000008010a74       0x90 Core/Src/usart.o
                0x0000000008010a74                HAL_UART_MspInit
 .text.Reset_Handler
                0x0000000008010b04       0x50 Core/Startup/startup_stm32f412zgtx.o
                0x0000000008010b04                Reset_Handler
 .text.Default_Handler
                0x0000000008010b54        0x2 Core/Startup/startup_stm32f412zgtx.o
                0x0000000008010b54                RTC_Alarm_IRQHandler
                0x0000000008010b54                EXTI2_IRQHandler
                0x0000000008010b54                TIM8_CC_IRQHandler
                0x0000000008010b54                FMPI2C1_EV_IRQHandler
                0x0000000008010b54                SPI4_IRQHandler
                0x0000000008010b54                TIM1_CC_IRQHandler
                0x0000000008010b54                DMA2_Stream5_IRQHandler
                0x0000000008010b54                DMA1_Stream5_IRQHandler
                0x0000000008010b54                TIM6_IRQHandler
                0x0000000008010b54                PVD_IRQHandler
                0x0000000008010b54                SDIO_IRQHandler
                0x0000000008010b54                TAMP_STAMP_IRQHandler
                0x0000000008010b54                CAN2_RX1_IRQHandler
                0x0000000008010b54                EXTI3_IRQHandler
                0x0000000008010b54                TIM8_TRG_COM_TIM14_IRQHandler
                0x0000000008010b54                DFSDM1_FLT1_IRQHandler
                0x0000000008010b54                TIM1_UP_TIM10_IRQHandler
                0x0000000008010b54                TIM8_UP_TIM13_IRQHandler
                0x0000000008010b54                I2C3_ER_IRQHandler
                0x0000000008010b54                EXTI0_IRQHandler
                0x0000000008010b54                I2C2_EV_IRQHandler
                0x0000000008010b54                DMA1_Stream2_IRQHandler
                0x0000000008010b54                CAN1_RX0_IRQHandler
                0x0000000008010b54                FPU_IRQHandler
                0x0000000008010b54                CAN2_SCE_IRQHandler
                0x0000000008010b54                DMA2_Stream2_IRQHandler
                0x0000000008010b54                SPI1_IRQHandler
                0x0000000008010b54                TIM1_BRK_TIM9_IRQHandler
                0x0000000008010b54                CAN2_RX0_IRQHandler
                0x0000000008010b54                DMA2_Stream3_IRQHandler
                0x0000000008010b54                USART6_IRQHandler
                0x0000000008010b54                USART3_IRQHandler
                0x0000000008010b54                CAN1_RX1_IRQHandler
                0x0000000008010b54                DMA2_Stream0_IRQHandler
                0x0000000008010b54                TIM4_IRQHandler
                0x0000000008010b54                QUADSPI_IRQHandler
                0x0000000008010b54                I2C1_EV_IRQHandler
                0x0000000008010b54                DMA1_Stream6_IRQHandler
                0x0000000008010b54                DMA1_Stream1_IRQHandler
                0x0000000008010b54                TIM3_IRQHandler
                0x0000000008010b54                RCC_IRQHandler
                0x0000000008010b54                TIM8_BRK_TIM12_IRQHandler
                0x0000000008010b54                Default_Handler
                0x0000000008010b54                EXTI15_10_IRQHandler
                0x0000000008010b54                ADC_IRQHandler
                0x0000000008010b54                DMA1_Stream7_IRQHandler
                0x0000000008010b54                SPI5_IRQHandler
                0x0000000008010b54                TIM7_IRQHandler
                0x0000000008010b54                CAN2_TX_IRQHandler
                0x0000000008010b54                TIM5_IRQHandler
                0x0000000008010b54                DMA2_Stream7_IRQHandler
                0x0000000008010b54                I2C3_EV_IRQHandler
                0x0000000008010b54                EXTI9_5_IRQHandler
                0x0000000008010b54                RTC_WKUP_IRQHandler
                0x0000000008010b54                SPI2_IRQHandler
                0x0000000008010b54                DMA1_Stream0_IRQHandler
                0x0000000008010b54                CAN1_TX_IRQHandler
                0x0000000008010b54                FMPI2C1_ER_IRQHandler
                0x0000000008010b54                EXTI4_IRQHandler
                0x0000000008010b54                RNG_IRQHandler
                0x0000000008010b54                WWDG_IRQHandler
                0x0000000008010b54                TIM2_IRQHandler
                0x0000000008010b54                OTG_FS_WKUP_IRQHandler
                0x0000000008010b54                TIM1_TRG_COM_TIM11_IRQHandler
                0x0000000008010b54                EXTI1_IRQHandler
                0x0000000008010b54                USART2_IRQHandler
                0x0000000008010b54                DFSDM1_FLT0_IRQHandler
                0x0000000008010b54                I2C2_ER_IRQHandler
                0x0000000008010b54                DMA2_Stream1_IRQHandler
                0x0000000008010b54                CAN1_SCE_IRQHandler
                0x0000000008010b54                FLASH_IRQHandler
                0x0000000008010b54                DMA2_Stream4_IRQHandler
                0x0000000008010b54                USART1_IRQHandler
                0x0000000008010b54                SPI3_IRQHandler
                0x0000000008010b54                DMA1_Stream4_IRQHandler
                0x0000000008010b54                I2C1_ER_IRQHandler
                0x0000000008010b54                DMA2_Stream6_IRQHandler
                0x0000000008010b54                DMA1_Stream3_IRQHandler
 *fill*         0x0000000008010b56        0x2
 .text.HAL_Init
                0x0000000008010b58       0x44 Drivers/STM32F4xx_HAL_Driver/Src/stm32f4xx_hal.o
                0x0000000008010b58                HAL_Init
 .text.HAL_InitTick
                0x0000000008010b9c       0x60 Drivers/STM32F4xx_HAL_Driver/Src/stm32f4xx_hal.o
                0x0000000008010b9c                HAL_InitTick
 .text.HAL_IncTick
                0x0000000008010bfc       0x28 Drivers/STM32F4xx_HAL_Driver/Src/stm32f4xx_hal.o
                0x0000000008010bfc                HAL_IncTick
 .text.HAL_GetTick
                0x0000000008010c24       0x18 Drivers/STM32F4xx_HAL_Driver/Src/stm32f4xx_hal.o
                0x0000000008010c24                HAL_GetTick
 .text.HAL_Delay
                0x0000000008010c3c       0x44 Drivers/STM32F4xx_HAL_Driver/Src/stm32f4xx_hal.o
                0x0000000008010c3c                HAL_Delay
 .text.__NVIC_SetPriorityGrouping
                0x0000000008010c80       0x48 Drivers/STM32F4xx_HAL_Driver/Src/stm32f4xx_hal_cortex.o
 .text.__NVIC_GetPriorityGrouping
                0x0000000008010cc8       0x1c Drivers/STM32F4xx_HAL_Driver/Src/stm32f4xx_hal_cortex.o
 .text.__NVIC_EnableIRQ
                0x0000000008010ce4       0x3c Drivers/STM32F4xx_HAL_Driver/Src/stm32f4xx_hal_cortex.o
 .text.__NVIC_SetPriority
                0x0000000008010d20       0x54 Drivers/STM32F4xx_HAL_Driver/Src/stm32f4xx_hal_cortex.o
 .text.NVIC_EncodePriority
                0x0000000008010d74       0x66 Drivers/STM32F4xx_HAL_Driver/Src/stm32f4xx_hal_cortex.o
 *fill*         0x0000000008010dda        0x2
 .text.SysTick_Config
                0x0000000008010ddc       0x44 Drivers/STM32F4xx_HAL_Driver/Src/stm32f4xx_hal_cortex.o
 .text.HAL_NVIC_SetPriorityGrouping
                0x0000000008010e20       0x16 Drivers/STM32F4xx_HAL_Driver/Src/stm32f4xx_hal_cortex.o
                0x0000000008010e20                HAL_NVIC_SetPriorityGrouping
 .text.HAL_NVIC_SetPriority
                0x0000000008010e36       0x38 Drivers/STM32F4xx_HAL_Driver/Src/stm32f4xx_hal_cortex.o
                0x0000000008010e36                HAL_NVIC_SetPriority
 .text.HAL_NVIC_EnableIRQ
                0x0000000008010e6e       0x1c Drivers/STM32F4xx_HAL_Driver/Src/stm32f4xx_hal_cortex.o
                0x0000000008010e6e                HAL_NVIC_EnableIRQ
 .text.HAL_SYSTICK_Config
                0x0000000008010e8a       0x18 Drivers/STM32F4xx_HAL_Driver/Src/stm32f4xx_hal_cortex.o
                0x0000000008010e8a                HAL_SYSTICK_Config
 *fill*         0x0000000008010ea2        0x2
 .text.HAL_GPIO_Init
                0x0000000008010ea4      0x324 Drivers/STM32F4xx_HAL_Driver/Src/stm32f4xx_hal_gpio.o
                0x0000000008010ea4                HAL_GPIO_Init
 .text.HAL_GPIO_WritePin
                0x00000000080111c8       0x32 Drivers/STM32F4xx_HAL_Driver/Src/stm32f4xx_hal_gpio.o
                0x00000000080111c8                HAL_GPIO_WritePin
 .text.HAL_PCD_Init
                0x00000000080111fa      0x248 Drivers/STM32F4xx_HAL_Driver/Src/stm32f4xx_hal_pcd.o
                0x00000000080111fa                HAL_PCD_Init
 .text.HAL_PCD_Start
                0x0000000008011442       0x66 Drivers/STM32F4xx_HAL_Driver/Src/stm32f4xx_hal_pcd.o
                0x0000000008011442                HAL_PCD_Start
 .text.HAL_PCD_Stop
                0x00000000080114a8       0x72 Drivers/STM32F4xx_HAL_Driver/Src/stm32f4xx_hal_pcd.o
                0x00000000080114a8                HAL_PCD_Stop
 .text.HAL_PCD_IRQHandler
                0x000000000801151a      0x7be Drivers/STM32F4xx_HAL_Driver/Src/stm32f4xx_hal_pcd.o
                0x000000000801151a                HAL_PCD_IRQHandler
 .text.HAL_PCD_SetAddress
                0x0000000008011cd8       0x4a Drivers/STM32F4xx_HAL_Driver/Src/stm32f4xx_hal_pcd.o
                0x0000000008011cd8                HAL_PCD_SetAddress
 .text.HAL_PCD_EP_Open
                0x0000000008011d22       0xd0 Drivers/STM32F4xx_HAL_Driver/Src/stm32f4xx_hal_pcd.o
                0x0000000008011d22                HAL_PCD_EP_Open
 .text.HAL_PCD_EP_Receive
                0x0000000008011df2       0x96 Drivers/STM32F4xx_HAL_Driver/Src/stm32f4xx_hal_pcd.o
                0x0000000008011df2                HAL_PCD_EP_Receive
 .text.HAL_PCD_EP_Transmit
                0x0000000008011e88       0x94 Drivers/STM32F4xx_HAL_Driver/Src/stm32f4xx_hal_pcd.o
                0x0000000008011e88                HAL_PCD_EP_Transmit
 .text.HAL_PCD_EP_SetStall
                0x0000000008011f1c       0xc8 Drivers/STM32F4xx_HAL_Driver/Src/stm32f4xx_hal_pcd.o
                0x0000000008011f1c                HAL_PCD_EP_SetStall
 .text.HAL_PCD_EP_ClrStall
                0x0000000008011fe4       0xac Drivers/STM32F4xx_HAL_Driver/Src/stm32f4xx_hal_pcd.o
                0x0000000008011fe4                HAL_PCD_EP_ClrStall
 .text.PCD_WriteEmptyTxFifo
                0x0000000008012090      0x11a Drivers/STM32F4xx_HAL_Driver/Src/stm32f4xx_hal_pcd.o
 *fill*         0x00000000080121aa        0x2
 .text.PCD_EP_OutXfrComplete_int
                0x00000000080121ac      0x218 Drivers/STM32F4xx_HAL_Driver/Src/stm32f4xx_hal_pcd.o
 .text.PCD_EP_OutSetupPacket_int
                0x00000000080123c4       0x8c Drivers/STM32F4xx_HAL_Driver/Src/stm32f4xx_hal_pcd.o
 .text.HAL_PCDEx_SetTxFiFo
                0x0000000008012450       0x8e Drivers/STM32F4xx_HAL_Driver/Src/stm32f4xx_hal_pcd_ex.o
                0x0000000008012450                HAL_PCDEx_SetTxFiFo
 .text.HAL_PCDEx_SetRxFiFo
                0x00000000080124de       0x22 Drivers/STM32F4xx_HAL_Driver/Src/stm32f4xx_hal_pcd_ex.o
                0x00000000080124de                HAL_PCDEx_SetRxFiFo
 .text.HAL_PCDEx_ActivateLPM
                0x0000000008012500       0x48 Drivers/STM32F4xx_HAL_Driver/Src/stm32f4xx_hal_pcd_ex.o
                0x0000000008012500                HAL_PCDEx_ActivateLPM
 .text.HAL_RCC_ClockConfig
                0x0000000008012548      0x1cc Drivers/STM32F4xx_HAL_Driver/Src/stm32f4xx_hal_rcc.o
                0x0000000008012548                HAL_RCC_ClockConfig
 .text.HAL_RCC_GetSysClockFreq
                0x0000000008012714      0x1b0 Drivers/STM32F4xx_HAL_Driver/Src/stm32f4xx_hal_rcc.o
                0x0000000008012714                HAL_RCC_GetSysClockFreq
 .text.HAL_RCC_GetHCLKFreq
                0x00000000080128c4       0x18 Drivers/STM32F4xx_HAL_Driver/Src/stm32f4xx_hal_rcc.o
                0x00000000080128c4                HAL_RCC_GetHCLKFreq
 .text.HAL_RCC_GetPCLK1Freq
                0x00000000080128dc       0x28 Drivers/STM32F4xx_HAL_Driver/Src/stm32f4xx_hal_rcc.o
                0x00000000080128dc                HAL_RCC_GetPCLK1Freq
 .text.HAL_RCC_GetPCLK2Freq
                0x0000000008012904       0x28 Drivers/STM32F4xx_HAL_Driver/Src/stm32f4xx_hal_rcc.o
                0x0000000008012904                HAL_RCC_GetPCLK2Freq
 .text.HAL_RCCEx_PeriphCLKConfig
                0x000000000801292c      0x39c Drivers/STM32F4xx_HAL_Driver/Src/stm32f4xx_hal_rcc_ex.o
                0x000000000801292c                HAL_RCCEx_PeriphCLKConfig
 .text.HAL_RCC_OscConfig
                0x0000000008012cc8      0x484 Drivers/STM32F4xx_HAL_Driver/Src/stm32f4xx_hal_rcc_ex.o
                0x0000000008012cc8                HAL_RCC_OscConfig
 .text.HAL_UART_Init
                0x000000000801314c       0x9a Drivers/STM32F4xx_HAL_Driver/Src/stm32f4xx_hal_uart.o
                0x000000000801314c                HAL_UART_Init
 .text.HAL_UART_Transmit
                0x00000000080131e6      0x132 Drivers/STM32F4xx_HAL_Driver/Src/stm32f4xx_hal_uart.o
                0x00000000080131e6                HAL_UART_Transmit
 .text.UART_WaitOnFlagUntilTimeout
                0x0000000008013318       0x94 Drivers/STM32F4xx_HAL_Driver/Src/stm32f4xx_hal_uart.o
 .text.UART_SetConfig
                0x00000000080133ac      0x6f8 Drivers/STM32F4xx_HAL_Driver/Src/stm32f4xx_hal_uart.o
 .text.USB_CoreInit
                0x0000000008013aa4       0xc2 Drivers/STM32F4xx_HAL_Driver/Src/stm32f4xx_ll_usb.o
                0x0000000008013aa4                USB_CoreInit
 *fill*         0x0000000008013b66        0x2
 .text.USB_SetTurnaroundTime
                0x0000000008013b68      0x144 Drivers/STM32F4xx_HAL_Driver/Src/stm32f4xx_ll_usb.o
                0x0000000008013b68                USB_SetTurnaroundTime
 .text.USB_EnableGlobalInt
                0x0000000008013cac       0x22 Drivers/STM32F4xx_HAL_Driver/Src/stm32f4xx_ll_usb.o
                0x0000000008013cac                USB_EnableGlobalInt
 .text.USB_DisableGlobalInt
                0x0000000008013cce       0x22 Drivers/STM32F4xx_HAL_Driver/Src/stm32f4xx_ll_usb.o
                0x0000000008013cce                USB_DisableGlobalInt
 .text.USB_SetCurrentMode
                0x0000000008013cf0       0x54 Drivers/STM32F4xx_HAL_Driver/Src/stm32f4xx_ll_usb.o
                0x0000000008013cf0                USB_SetCurrentMode
 .text.USB_DevInit
                0x0000000008013d44      0x2bc Drivers/STM32F4xx_HAL_Driver/Src/stm32f4xx_ll_usb.o
                0x0000000008013d44                USB_DevInit
 .text.USB_FlushTxFifo
                0x0000000008014000       0x4c Drivers/STM32F4xx_HAL_Driver/Src/stm32f4xx_ll_usb.o
                0x0000000008014000                USB_FlushTxFifo
 .text.USB_FlushRxFifo
                0x000000000801404c       0x44 Drivers/STM32F4xx_HAL_Driver/Src/stm32f4xx_ll_usb.o
                0x000000000801404c                USB_FlushRxFifo
 .text.USB_SetDevSpeed
                0x0000000008014090       0x32 Drivers/STM32F4xx_HAL_Driver/Src/stm32f4xx_ll_usb.o
                0x0000000008014090                USB_SetDevSpeed
 .text.USB_GetDevSpeed
                0x00000000080140c2       0x4a Drivers/STM32F4xx_HAL_Driver/Src/stm32f4xx_ll_usb.o
                0x00000000080140c2                USB_GetDevSpeed
 .text.USB_ActivateEndpoint
                0x000000000801410c      0x10e Drivers/STM32F4xx_HAL_Driver/Src/stm32f4xx_ll_usb.o
                0x000000000801410c                USB_ActivateEndpoint
 *fill*         0x000000000801421a        0x2
 .text.USB_EPStartXfer
                0x000000000801421c      0x488 Drivers/STM32F4xx_HAL_Driver/Src/stm32f4xx_ll_usb.o
                0x000000000801421c                USB_EPStartXfer
 .text.USB_EP0StartXfer
                0x00000000080146a4      0x2a6 Drivers/STM32F4xx_HAL_Driver/Src/stm32f4xx_ll_usb.o
                0x00000000080146a4                USB_EP0StartXfer
 .text.USB_WritePacket
                0x000000000801494a       0x6a Drivers/STM32F4xx_HAL_Driver/Src/stm32f4xx_ll_usb.o
                0x000000000801494a                USB_WritePacket
 .text.USB_ReadPacket
                0x00000000080149b4       0x52 Drivers/STM32F4xx_HAL_Driver/Src/stm32f4xx_ll_usb.o
                0x00000000080149b4                USB_ReadPacket
 .text.USB_EPSetStall
                0x0000000008014a06       0xdc Drivers/STM32F4xx_HAL_Driver/Src/stm32f4xx_ll_usb.o
                0x0000000008014a06                USB_EPSetStall
 .text.USB_EPClearStall
                0x0000000008014ae2       0xcc Drivers/STM32F4xx_HAL_Driver/Src/stm32f4xx_ll_usb.o
                0x0000000008014ae2                USB_EPClearStall
 .text.USB_SetDevAddress
                0x0000000008014bae       0x4c Drivers/STM32F4xx_HAL_Driver/Src/stm32f4xx_ll_usb.o
                0x0000000008014bae                USB_SetDevAddress
 .text.USB_DevConnect
                0x0000000008014bfa       0x42 Drivers/STM32F4xx_HAL_Driver/Src/stm32f4xx_ll_usb.o
                0x0000000008014bfa                USB_DevConnect
 .text.USB_DevDisconnect
                0x0000000008014c3c       0x42 Drivers/STM32F4xx_HAL_Driver/Src/stm32f4xx_ll_usb.o
                0x0000000008014c3c                USB_DevDisconnect
 .text.USB_ReadInterrupts
                0x0000000008014c7e       0x26 Drivers/STM32F4xx_HAL_Driver/Src/stm32f4xx_ll_usb.o
                0x0000000008014c7e                USB_ReadInterrupts
 .text.USB_ReadDevAllOutEpInterrupt
                0x0000000008014ca4       0x34 Drivers/STM32F4xx_HAL_Driver/Src/stm32f4xx_ll_usb.o
                0x0000000008014ca4                USB_ReadDevAllOutEpInterrupt
 .text.USB_ReadDevAllInEpInterrupt
                0x0000000008014cd8       0x34 Drivers/STM32F4xx_HAL_Driver/Src/stm32f4xx_ll_usb.o
                0x0000000008014cd8                USB_ReadDevAllInEpInterrupt
 .text.USB_ReadDevOutEPInterrupt
                0x0000000008014d0c       0x3c Drivers/STM32F4xx_HAL_Driver/Src/stm32f4xx_ll_usb.o
                0x0000000008014d0c                USB_ReadDevOutEPInterrupt
 .text.USB_ReadDevInEPInterrupt
                0x0000000008014d48       0x5c Drivers/STM32F4xx_HAL_Driver/Src/stm32f4xx_ll_usb.o
                0x0000000008014d48                USB_ReadDevInEPInterrupt
 .text.USB_GetMode
                0x0000000008014da4       0x1c Drivers/STM32F4xx_HAL_Driver/Src/stm32f4xx_ll_usb.o
                0x0000000008014da4                USB_GetMode
 .text.USB_ActivateSetup
                0x0000000008014dc0       0x46 Drivers/STM32F4xx_HAL_Driver/Src/stm32f4xx_ll_usb.o
                0x0000000008014dc0                USB_ActivateSetup
 *fill*         0x0000000008014e06        0x2
 .text.USB_EP0_OutStart
                0x0000000008014e08       0xbc Drivers/STM32F4xx_HAL_Driver/Src/stm32f4xx_ll_usb.o
                0x0000000008014e08                USB_EP0_OutStart
 .text.USB_CoreReset
                0x0000000008014ec4       0x68 Drivers/STM32F4xx_HAL_Driver/Src/stm32f4xx_ll_usb.o
 .text.__NVIC_SystemReset
                0x0000000008014f2c       0x28 Middlewares/ST/STM32_USB_Device_Library/Class/DFU/Src/usbd_dfu.o
 .text.USBD_DFU_Init
                0x0000000008014f54       0xb4 Middlewares/ST/STM32_USB_Device_Library/Class/DFU/Src/usbd_dfu.o
 .text.USBD_DFU_DeInit
                0x0000000008015008       0x72 Middlewares/ST/STM32_USB_Device_Library/Class/DFU/Src/usbd_dfu.o
 *fill*         0x000000000801507a        0x2
 .text.USBD_DFU_Setup
                0x000000000801507c      0x1d8 Middlewares/ST/STM32_USB_Device_Library/Class/DFU/Src/usbd_dfu.o
 .text.USBD_DFU_GetCfgDesc
                0x0000000008015254       0x20 Middlewares/ST/STM32_USB_Device_Library/Class/DFU/Src/usbd_dfu.o
 .text.USBD_DFU_EP0_RxReady
                0x0000000008015274       0x16 Middlewares/ST/STM32_USB_Device_Library/Class/DFU/Src/usbd_dfu.o
 *fill*         0x000000000801528a        0x2
 .text.USBD_DFU_EP0_TxReady
                0x000000000801528c      0x1bc Middlewares/ST/STM32_USB_Device_Library/Class/DFU/Src/usbd_dfu.o
 .text.USBD_DFU_SOF
                0x0000000008015448       0x16 Middlewares/ST/STM32_USB_Device_Library/Class/DFU/Src/usbd_dfu.o
 *fill*         0x000000000801545e        0x2
 .text.USBD_DFU_GetDeviceQualifierDesc
                0x0000000008015460       0x20 Middlewares/ST/STM32_USB_Device_Library/Class/DFU/Src/usbd_dfu.o
 .text.USBD_DFU_GetUsrStringDesc
                0x0000000008015480       0x3c Middlewares/ST/STM32_USB_Device_Library/Class/DFU/Src/usbd_dfu.o
 .text.USBD_DFU_RegisterMedia
                0x00000000080154bc       0x2a Middlewares/ST/STM32_USB_Device_Library/Class/DFU/Src/usbd_dfu.o
                0x00000000080154bc                USBD_DFU_RegisterMedia
 *fill*         0x00000000080154e6        0x2
 .text.DFU_Detach
                0x00000000080154e8       0xc0 Middlewares/ST/STM32_USB_Device_Library/Class/DFU/Src/usbd_dfu.o
 .text.DFU_Download
                0x00000000080155a8       0xd2 Middlewares/ST/STM32_USB_Device_Library/Class/DFU/Src/usbd_dfu.o
 *fill*         0x000000000801567a        0x2
 .text.DFU_Upload
                0x000000000801567c      0x1b0 Middlewares/ST/STM32_USB_Device_Library/Class/DFU/Src/usbd_dfu.o
 .text.DFU_GetStatus
                0x000000000801582c      0x164 Middlewares/ST/STM32_USB_Device_Library/Class/DFU/Src/usbd_dfu.o
 .text.DFU_ClearStatus
                0x0000000008015990       0xa0 Middlewares/ST/STM32_USB_Device_Library/Class/DFU/Src/usbd_dfu.o
 .text.DFU_GetState
                0x0000000008015a30       0x28 Middlewares/ST/STM32_USB_Device_Library/Class/DFU/Src/usbd_dfu.o
 .text.DFU_Abort
                0x0000000008015a58       0x9a Middlewares/ST/STM32_USB_Device_Library/Class/DFU/Src/usbd_dfu.o
 *fill*         0x0000000008015af2        0x2
 .text.DFU_Leave
                0x0000000008015af4       0x94 Middlewares/ST/STM32_USB_Device_Library/Class/DFU/Src/usbd_dfu.o
 .text.USBD_Init
                0x0000000008015b88       0x6c Middlewares/ST/STM32_USB_Device_Library/Core/Src/usbd_core.o
                0x0000000008015b88                USBD_Init
 .text.USBD_RegisterClass
                0x0000000008015bf4       0x42 Middlewares/ST/STM32_USB_Device_Library/Core/Src/usbd_core.o
                0x0000000008015bf4                USBD_RegisterClass
 .text.USBD_Start
                0x0000000008015c36       0x18 Middlewares/ST/STM32_USB_Device_Library/Core/Src/usbd_core.o
                0x0000000008015c36                USBD_Start
 .text.USBD_Stop
                0x0000000008015c4e       0x4c Middlewares/ST/STM32_USB_Device_Library/Core/Src/usbd_core.o
                0x0000000008015c4e                USBD_Stop
 .text.USBD_RunTestMode
                0x0000000008015c9a       0x16 Middlewares/ST/STM32_USB_Device_Library/Core/Src/usbd_core.o
                0x0000000008015c9a                USBD_RunTestMode
 .text.USBD_SetClassConfig
                0x0000000008015cb0       0x38 Middlewares/ST/STM32_USB_Device_Library/Core/Src/usbd_core.o
                0x0000000008015cb0                USBD_SetClassConfig
 .text.USBD_ClrClassConfig
                0x0000000008015ce8       0x30 Middlewares/ST/STM32_USB_Device_Library/Core/Src/usbd_core.o
                0x0000000008015ce8                USBD_ClrClassConfig
 .text.USBD_LL_SetupStage
                0x0000000008015d18       0xa6 Middlewares/ST/STM32_USB_Device_Library/Core/Src/usbd_core.o
                0x0000000008015d18                USBD_LL_SetupStage
 .text.USBD_LL_DataOutStage
                0x0000000008015dbe       0xc6 Middlewares/ST/STM32_USB_Device_Library/Core/Src/usbd_core.o
                0x0000000008015dbe                USBD_LL_DataOutStage
 .text.USBD_LL_DataInStage
                0x0000000008015e84      0x12c Middlewares/ST/STM32_USB_Device_Library/Core/Src/usbd_core.o
                0x0000000008015e84                USBD_LL_DataInStage
 .text.USBD_LL_Reset
                0x0000000008015fb0       0x82 Middlewares/ST/STM32_USB_Device_Library/Core/Src/usbd_core.o
                0x0000000008015fb0                USBD_LL_Reset
 .text.USBD_LL_SetSpeed
                0x0000000008016032       0x20 Middlewares/ST/STM32_USB_Device_Library/Core/Src/usbd_core.o
                0x0000000008016032                USBD_LL_SetSpeed
 .text.USBD_LL_Suspend
                0x0000000008016052       0x2a Middlewares/ST/STM32_USB_Device_Library/Core/Src/usbd_core.o
                0x0000000008016052                USBD_LL_Suspend
 .text.USBD_LL_Resume
                0x000000000801607c       0x2c Middlewares/ST/STM32_USB_Device_Library/Core/Src/usbd_core.o
                0x000000000801607c                USBD_LL_Resume
 .text.USBD_LL_SOF
                0x00000000080160a8       0x34 Middlewares/ST/STM32_USB_Device_Library/Core/Src/usbd_core.o
                0x00000000080160a8                USBD_LL_SOF
 .text.USBD_LL_IsoINIncomplete
                0x00000000080160dc       0x1a Middlewares/ST/STM32_USB_Device_Library/Core/Src/usbd_core.o
                0x00000000080160dc                USBD_LL_IsoINIncomplete
 .text.USBD_LL_IsoOUTIncomplete
                0x00000000080160f6       0x1a Middlewares/ST/STM32_USB_Device_Library/Core/Src/usbd_core.o
                0x00000000080160f6                USBD_LL_IsoOUTIncomplete
 .text.USBD_LL_DevConnected
                0x0000000008016110       0x16 Middlewares/ST/STM32_USB_Device_Library/Core/Src/usbd_core.o
                0x0000000008016110                USBD_LL_DevConnected
 .text.USBD_LL_DevDisconnected
                0x0000000008016126       0x38 Middlewares/ST/STM32_USB_Device_Library/Core/Src/usbd_core.o
                0x0000000008016126                USBD_LL_DevDisconnected
 .text.SWAPBYTE
                0x000000000801615e       0x3c Middlewares/ST/STM32_USB_Device_Library/Core/Src/usbd_ctlreq.o
 *fill*         0x000000000801619a        0x2
 .text.USBD_StdDevReq
                0x000000000801619c       0xdc Middlewares/ST/STM32_USB_Device_Library/Core/Src/usbd_ctlreq.o
                0x000000000801619c                USBD_StdDevReq
 .text.USBD_StdItfReq
                0x0000000008016278       0x8c Middlewares/ST/STM32_USB_Device_Library/Core/Src/usbd_ctlreq.o
                0x0000000008016278                USBD_StdItfReq
 .text.USBD_StdEPReq
                0x0000000008016304      0x2aa Middlewares/ST/STM32_USB_Device_Library/Core/Src/usbd_ctlreq.o
                0x0000000008016304                USBD_StdEPReq
 *fill*         0x00000000080165ae        0x2
 .text.USBD_GetDescriptor
                0x00000000080165b0      0x34c Middlewares/ST/STM32_USB_Device_Library/Core/Src/usbd_ctlreq.o
 .text.USBD_SetAddress
                0x00000000080168fc       0x84 Middlewares/ST/STM32_USB_Device_Library/Core/Src/usbd_ctlreq.o
 .text.USBD_SetConfig
                0x0000000008016980      0x148 Middlewares/ST/STM32_USB_Device_Library/Core/Src/usbd_ctlreq.o
 .text.USBD_GetConfig
                0x0000000008016ac8       0x68 Middlewares/ST/STM32_USB_Device_Library/Core/Src/usbd_ctlreq.o
 .text.USBD_GetStatus
                0x0000000008016b30       0x66 Middlewares/ST/STM32_USB_Device_Library/Core/Src/usbd_ctlreq.o
 .text.USBD_SetFeature
                0x0000000008016b96       0x28 Middlewares/ST/STM32_USB_Device_Library/Core/Src/usbd_ctlreq.o
 .text.USBD_ClrFeature
                0x0000000008016bbe       0x42 Middlewares/ST/STM32_USB_Device_Library/Core/Src/usbd_ctlreq.o
 .text.USBD_ParseSetupRequest
                0x0000000008016c00       0x74 Middlewares/ST/STM32_USB_Device_Library/Core/Src/usbd_ctlreq.o
                0x0000000008016c00                USBD_ParseSetupRequest
 .text.USBD_CtlError
                0x0000000008016c74       0x22 Middlewares/ST/STM32_USB_Device_Library/Core/Src/usbd_ctlreq.o
                0x0000000008016c74                USBD_CtlError
 .text.USBD_GetString
                0x0000000008016c96       0x8c Middlewares/ST/STM32_USB_Device_Library/Core/Src/usbd_ctlreq.o
                0x0000000008016c96                USBD_GetString
 .text.USBD_GetLen
                0x0000000008016d22       0x34 Middlewares/ST/STM32_USB_Device_Library/Core/Src/usbd_ctlreq.o
 .text.USBD_CtlSendData
                0x0000000008016d56       0x36 Middlewares/ST/STM32_USB_Device_Library/Core/Src/usbd_ioreq.o
                0x0000000008016d56                USBD_CtlSendData
 .text.USBD_CtlContinueSendData
                0x0000000008016d8c       0x22 Middlewares/ST/STM32_USB_Device_Library/Core/Src/usbd_ioreq.o
                0x0000000008016d8c                USBD_CtlContinueSendData
 .text.USBD_CtlPrepareRx
                0x0000000008016dae       0x3a Middlewares/ST/STM32_USB_Device_Library/Core/Src/usbd_ioreq.o
                0x0000000008016dae                USBD_CtlPrepareRx
 .text.USBD_CtlContinueRx
                0x0000000008016de8       0x22 Middlewares/ST/STM32_USB_Device_Library/Core/Src/usbd_ioreq.o
                0x0000000008016de8                USBD_CtlContinueRx
 .text.USBD_CtlSendStatus
                0x0000000008016e0a       0x26 Middlewares/ST/STM32_USB_Device_Library/Core/Src/usbd_ioreq.o
                0x0000000008016e0a                USBD_CtlSendStatus
 .text.USBD_CtlReceiveStatus
                0x0000000008016e30       0x26 Middlewares/ST/STM32_USB_Device_Library/Core/Src/usbd_ioreq.o
                0x0000000008016e30                USBD_CtlReceiveStatus
 *fill*         0x0000000008016e56        0x2
 .text.MX_USB_DEVICE_Init
                0x0000000008016e58       0x60 USB_DEVICE/App/usb_device.o
                0x0000000008016e58                MX_USB_DEVICE_Init
 .text.USBD_FS_DeviceDescriptor
                0x0000000008016eb8       0x24 USB_DEVICE/App/usbd_desc.o
                0x0000000008016eb8                USBD_FS_DeviceDescriptor
 .text.USBD_FS_LangIDStrDescriptor
                0x0000000008016edc       0x24 USB_DEVICE/App/usbd_desc.o
                0x0000000008016edc                USBD_FS_LangIDStrDescriptor
 .text.USBD_FS_ProductStrDescriptor
                0x0000000008016f00       0x3c USB_DEVICE/App/usbd_desc.o
                0x0000000008016f00                USBD_FS_ProductStrDescriptor
 .text.USBD_FS_ManufacturerStrDescriptor
                0x0000000008016f3c       0x28 USB_DEVICE/App/usbd_desc.o
                0x0000000008016f3c                USBD_FS_ManufacturerStrDescriptor
 .text.USBD_FS_SerialStrDescriptor
                0x0000000008016f64       0x24 USB_DEVICE/App/usbd_desc.o
                0x0000000008016f64                USBD_FS_SerialStrDescriptor
 .text.USBD_FS_ConfigStrDescriptor
                0x0000000008016f88       0x3c USB_DEVICE/App/usbd_desc.o
                0x0000000008016f88                USBD_FS_ConfigStrDescriptor
 .text.USBD_FS_InterfaceStrDescriptor
                0x0000000008016fc4       0x3c USB_DEVICE/App/usbd_desc.o
                0x0000000008016fc4                USBD_FS_InterfaceStrDescriptor
 .text.USBD_FS_USR_BOSDescriptor
                0x0000000008017000       0x24 USB_DEVICE/App/usbd_desc.o
                0x0000000008017000                USBD_FS_USR_BOSDescriptor
 .text.Get_SerialNum
                0x0000000008017024       0x58 USB_DEVICE/App/usbd_desc.o
 .text.IntToUnicode
                0x000000000801707c       0x7c USB_DEVICE/App/usbd_desc.o
 .text.MEM_If_Init_FS
                0x00000000080170f8       0x10 USB_DEVICE/App/usbd_dfu_if.o
 .text.MEM_If_DeInit_FS
                0x0000000008017108       0x10 USB_DEVICE/App/usbd_dfu_if.o
 .text.MEM_If_Erase_FS
                0x0000000008017118       0x16 USB_DEVICE/App/usbd_dfu_if.o
 .text.MEM_If_Write_FS
                0x000000000801712e       0x1a USB_DEVICE/App/usbd_dfu_if.o
 .text.MEM_If_Read_FS
                0x0000000008017148       0x1a USB_DEVICE/App/usbd_dfu_if.o
 .text.MEM_If_GetStatus_FS
                0x0000000008017162       0x26 USB_DEVICE/App/usbd_dfu_if.o
 .text.HAL_PCD_MspInit
                0x0000000008017188       0xc4 USB_DEVICE/Target/usbd_conf.o
                0x0000000008017188                HAL_PCD_MspInit
 .text.HAL_PCD_SetupStageCallback
                0x000000000801724c       0x24 USB_DEVICE/Target/usbd_conf.o
                0x000000000801724c                HAL_PCD_SetupStageCallback
 .text.HAL_PCD_DataOutStageCallback
                0x0000000008017270       0x36 USB_DEVICE/Target/usbd_conf.o
                0x0000000008017270                HAL_PCD_DataOutStageCallback
 .text.HAL_PCD_DataInStageCallback
                0x00000000080172a6       0x34 USB_DEVICE/Target/usbd_conf.o
                0x00000000080172a6                HAL_PCD_DataInStageCallback
 .text.HAL_PCD_SOFCallback
                0x00000000080172da       0x1c USB_DEVICE/Target/usbd_conf.o
                0x00000000080172da                HAL_PCD_SOFCallback
 .text.HAL_PCD_ResetCallback
                0x00000000080172f6       0x3c USB_DEVICE/Target/usbd_conf.o
                0x00000000080172f6                HAL_PCD_ResetCallback
 *fill*         0x0000000008017332        0x2
 .text.HAL_PCD_SuspendCallback
                0x0000000008017334       0x4c USB_DEVICE/Target/usbd_conf.o
                0x0000000008017334                HAL_PCD_SuspendCallback
 .text.HAL_PCD_ResumeCallback
                0x0000000008017380       0x1c USB_DEVICE/Target/usbd_conf.o
                0x0000000008017380                HAL_PCD_ResumeCallback
 .text.HAL_PCD_ISOOUTIncompleteCallback
                0x000000000801739c       0x24 USB_DEVICE/Target/usbd_conf.o
                0x000000000801739c                HAL_PCD_ISOOUTIncompleteCallback
 .text.HAL_PCD_ISOINIncompleteCallback
                0x00000000080173c0       0x24 USB_DEVICE/Target/usbd_conf.o
                0x00000000080173c0                HAL_PCD_ISOINIncompleteCallback
 .text.HAL_PCD_ConnectCallback
                0x00000000080173e4       0x1c USB_DEVICE/Target/usbd_conf.o
                0x00000000080173e4                HAL_PCD_ConnectCallback
 .text.HAL_PCD_DisconnectCallback
                0x0000000008017400       0x1c USB_DEVICE/Target/usbd_conf.o
                0x0000000008017400                HAL_PCD_DisconnectCallback
 .text.USBD_LL_Init
                0x000000000801741c       0xa0 USB_DEVICE/Target/usbd_conf.o
                0x000000000801741c                USBD_LL_Init
 .text.USBD_LL_Start
                0x00000000080174bc       0x36 USB_DEVICE/Target/usbd_conf.o
                0x00000000080174bc                USBD_LL_Start
 .text.USBD_LL_Stop
                0x00000000080174f2       0x36 USB_DEVICE/Target/usbd_conf.o
                0x00000000080174f2                USBD_LL_Stop
 .text.USBD_LL_OpenEP
                0x0000000008017528       0x4c USB_DEVICE/Target/usbd_conf.o
                0x0000000008017528                USBD_LL_OpenEP
 .text.USBD_LL_StallEP
                0x0000000008017574       0x3e USB_DEVICE/Target/usbd_conf.o
                0x0000000008017574                USBD_LL_StallEP
 .text.USBD_LL_ClearStallEP
                0x00000000080175b2       0x3e USB_DEVICE/Target/usbd_conf.o
                0x00000000080175b2                USBD_LL_ClearStallEP
 .text.USBD_LL_IsStallEP
                0x00000000080175f0       0x58 USB_DEVICE/Target/usbd_conf.o
                0x00000000080175f0                USBD_LL_IsStallEP
 .text.USBD_LL_SetUSBAddress
                0x0000000008017648       0x3e USB_DEVICE/Target/usbd_conf.o
                0x0000000008017648                USBD_LL_SetUSBAddress
 .text.USBD_LL_Transmit
                0x0000000008017686       0x42 USB_DEVICE/Target/usbd_conf.o
                0x0000000008017686                USBD_LL_Transmit
 .text.USBD_LL_PrepareReceive
                0x00000000080176c8       0x42 USB_DEVICE/Target/usbd_conf.o
                0x00000000080176c8                USBD_LL_PrepareReceive
 *fill*         0x000000000801770a        0x2
 .text.HAL_PCDEx_LPM_Callback
                0x000000000801770c       0x9c USB_DEVICE/Target/usbd_conf.o
                0x000000000801770c                HAL_PCDEx_LPM_Callback
 .text.USBD_Get_USB_Status
                0x00000000080177a8       0x58 USB_DEVICE/Target/usbd_conf.o
                0x00000000080177a8                USBD_Get_USB_Status
 .text.__errno  0x0000000008017800        0xc c:/st/stm32cubeide_1.5.1/stm32cubeide/plugins/com.st.stm32cube.ide.mcu.externaltools.gnu-tools-for-stm32.7-2018-q2-update.win32_1.5.0.202011040924/tools/bin/../lib/gcc/arm-none-eabi/7.3.1/../../../../arm-none-eabi/lib/thumb/v7e-m/fpv4-sp/hard\libc_nano.a(lib_a-errno.o)
                0x0000000008017800                __errno
 .text.__libc_init_array
                0x000000000801780c       0x48 c:/st/stm32cubeide_1.5.1/stm32cubeide/plugins/com.st.stm32cube.ide.mcu.externaltools.gnu-tools-for-stm32.7-2018-q2-update.win32_1.5.0.202011040924/tools/bin/../lib/gcc/arm-none-eabi/7.3.1/../../../../arm-none-eabi/lib/thumb/v7e-m/fpv4-sp/hard\libc_nano.a(lib_a-init.o)
                0x000000000801780c                __libc_init_array
 .text.malloc   0x0000000008017854       0x10 c:/st/stm32cubeide_1.5.1/stm32cubeide/plugins/com.st.stm32cube.ide.mcu.externaltools.gnu-tools-for-stm32.7-2018-q2-update.win32_1.5.0.202011040924/tools/bin/../lib/gcc/arm-none-eabi/7.3.1/../../../../arm-none-eabi/lib/thumb/v7e-m/fpv4-sp/hard\libc_nano.a(lib_a-malloc.o)
                0x0000000008017854                malloc
 .text.free     0x0000000008017864       0x10 c:/st/stm32cubeide_1.5.1/stm32cubeide/plugins/com.st.stm32cube.ide.mcu.externaltools.gnu-tools-for-stm32.7-2018-q2-update.win32_1.5.0.202011040924/tools/bin/../lib/gcc/arm-none-eabi/7.3.1/../../../../arm-none-eabi/lib/thumb/v7e-m/fpv4-sp/hard\libc_nano.a(lib_a-malloc.o)
                0x0000000008017864                free
 .text.memset   0x0000000008017874       0x10 c:/st/stm32cubeide_1.5.1/stm32cubeide/plugins/com.st.stm32cube.ide.mcu.externaltools.gnu-tools-for-stm32.7-2018-q2-update.win32_1.5.0.202011040924/tools/bin/../lib/gcc/arm-none-eabi/7.3.1/../../../../arm-none-eabi/lib/thumb/v7e-m/fpv4-sp/hard\libc_nano.a(lib_a-memset.o)
                0x0000000008017874                memset
 .text._free_r  0x0000000008017884       0x9c c:/st/stm32cubeide_1.5.1/stm32cubeide/plugins/com.st.stm32cube.ide.mcu.externaltools.gnu-tools-for-stm32.7-2018-q2-update.win32_1.5.0.202011040924/tools/bin/../lib/gcc/arm-none-eabi/7.3.1/../../../../arm-none-eabi/lib/thumb/v7e-m/fpv4-sp/hard\libc_nano.a(lib_a-nano-freer.o)
                0x0000000008017884                _free_r
 .text._malloc_r
                0x0000000008017920       0xb4 c:/st/stm32cubeide_1.5.1/stm32cubeide/plugins/com.st.stm32cube.ide.mcu.externaltools.gnu-tools-for-stm32.7-2018-q2-update.win32_1.5.0.202011040924/tools/bin/../lib/gcc/arm-none-eabi/7.3.1/../../../../arm-none-eabi/lib/thumb/v7e-m/fpv4-sp/hard\libc_nano.a(lib_a-nano-mallocr.o)
                0x0000000008017920                _malloc_r
 .text._puts_r  0x00000000080179d4       0xb8 c:/st/stm32cubeide_1.5.1/stm32cubeide/plugins/com.st.stm32cube.ide.mcu.externaltools.gnu-tools-for-stm32.7-2018-q2-update.win32_1.5.0.202011040924/tools/bin/../lib/gcc/arm-none-eabi/7.3.1/../../../../arm-none-eabi/lib/thumb/v7e-m/fpv4-sp/hard\libc_nano.a(lib_a-puts.o)
                0x00000000080179d4                _puts_r
 .text.puts     0x0000000008017a8c       0x10 c:/st/stm32cubeide_1.5.1/stm32cubeide/plugins/com.st.stm32cube.ide.mcu.externaltools.gnu-tools-for-stm32.7-2018-q2-update.win32_1.5.0.202011040924/tools/bin/../lib/gcc/arm-none-eabi/7.3.1/../../../../arm-none-eabi/lib/thumb/v7e-m/fpv4-sp/hard\libc_nano.a(lib_a-puts.o)
                0x0000000008017a8c                puts
 .text._sbrk_r  0x0000000008017a9c       0x20 c:/st/stm32cubeide_1.5.1/stm32cubeide/plugins/com.st.stm32cube.ide.mcu.externaltools.gnu-tools-for-stm32.7-2018-q2-update.win32_1.5.0.202011040924/tools/bin/../lib/gcc/arm-none-eabi/7.3.1/../../../../arm-none-eabi/lib/thumb/v7e-m/fpv4-sp/hard\libc_nano.a(lib_a-sbrkr.o)
                0x0000000008017a9c                _sbrk_r
 .text.__swbuf_r
                0x0000000008017abc       0xa4 c:/st/stm32cubeide_1.5.1/stm32cubeide/plugins/com.st.stm32cube.ide.mcu.externaltools.gnu-tools-for-stm32.7-2018-q2-update.win32_1.5.0.202011040924/tools/bin/../lib/gcc/arm-none-eabi/7.3.1/../../../../arm-none-eabi/lib/thumb/v7e-m/fpv4-sp/hard\libc_nano.a(lib_a-wbuf.o)
                0x0000000008017abc                __swbuf_r
 .text.__swsetup_r
                0x0000000008017b60       0xdc c:/st/stm32cubeide_1.5.1/stm32cubeide/plugins/com.st.stm32cube.ide.mcu.externaltools.gnu-tools-for-stm32.7-2018-q2-update.win32_1.5.0.202011040924/tools/bin/../lib/gcc/arm-none-eabi/7.3.1/../../../../arm-none-eabi/lib/thumb/v7e-m/fpv4-sp/hard\libc_nano.a(lib_a-wsetup.o)
                0x0000000008017b60                __swsetup_r
 .text.__sflush_r
                0x0000000008017c3c      0x10c c:/st/stm32cubeide_1.5.1/stm32cubeide/plugins/com.st.stm32cube.ide.mcu.externaltools.gnu-tools-for-stm32.7-2018-q2-update.win32_1.5.0.202011040924/tools/bin/../lib/gcc/arm-none-eabi/7.3.1/../../../../arm-none-eabi/lib/thumb/v7e-m/fpv4-sp/hard\libc_nano.a(lib_a-fflush.o)
                0x0000000008017c3c                __sflush_r
 .text._fflush_r
                0x0000000008017d48       0x54 c:/st/stm32cubeide_1.5.1/stm32cubeide/plugins/com.st.stm32cube.ide.mcu.externaltools.gnu-tools-for-stm32.7-2018-q2-update.win32_1.5.0.202011040924/tools/bin/../lib/gcc/arm-none-eabi/7.3.1/../../../../arm-none-eabi/lib/thumb/v7e-m/fpv4-sp/hard\libc_nano.a(lib_a-fflush.o)
                0x0000000008017d48                _fflush_r
 .text.std      0x0000000008017d9c       0x48 c:/st/stm32cubeide_1.5.1/stm32cubeide/plugins/com.st.stm32cube.ide.mcu.externaltools.gnu-tools-for-stm32.7-2018-q2-update.win32_1.5.0.202011040924/tools/bin/../lib/gcc/arm-none-eabi/7.3.1/../../../../arm-none-eabi/lib/thumb/v7e-m/fpv4-sp/hard\libc_nano.a(lib_a-findfp.o)
 .text._cleanup_r
                0x0000000008017de4        0xc c:/st/stm32cubeide_1.5.1/stm32cubeide/plugins/com.st.stm32cube.ide.mcu.externaltools.gnu-tools-for-stm32.7-2018-q2-update.win32_1.5.0.202011040924/tools/bin/../lib/gcc/arm-none-eabi/7.3.1/../../../../arm-none-eabi/lib/thumb/v7e-m/fpv4-sp/hard\libc_nano.a(lib_a-findfp.o)
                0x0000000008017de4                _cleanup_r
 .text.__sfmoreglue
                0x0000000008017df0       0x2c c:/st/stm32cubeide_1.5.1/stm32cubeide/plugins/com.st.stm32cube.ide.mcu.externaltools.gnu-tools-for-stm32.7-2018-q2-update.win32_1.5.0.202011040924/tools/bin/../lib/gcc/arm-none-eabi/7.3.1/../../../../arm-none-eabi/lib/thumb/v7e-m/fpv4-sp/hard\libc_nano.a(lib_a-findfp.o)
                0x0000000008017df0                __sfmoreglue
 .text.__sinit  0x0000000008017e1c       0x60 c:/st/stm32cubeide_1.5.1/stm32cubeide/plugins/com.st.stm32cube.ide.mcu.externaltools.gnu-tools-for-stm32.7-2018-q2-update.win32_1.5.0.202011040924/tools/bin/../lib/gcc/arm-none-eabi/7.3.1/../../../../arm-none-eabi/lib/thumb/v7e-m/fpv4-sp/hard\libc_nano.a(lib_a-findfp.o)
                0x0000000008017e1c                __sinit
 .text.__sfp    0x0000000008017e7c       0x78 c:/st/stm32cubeide_1.5.1/stm32cubeide/plugins/com.st.stm32cube.ide.mcu.externaltools.gnu-tools-for-stm32.7-2018-q2-update.win32_1.5.0.202011040924/tools/bin/../lib/gcc/arm-none-eabi/7.3.1/../../../../arm-none-eabi/lib/thumb/v7e-m/fpv4-sp/hard\libc_nano.a(lib_a-findfp.o)
                0x0000000008017e7c                __sfp
 .text._fwalk_reent
                0x0000000008017ef4       0x3c c:/st/stm32cubeide_1.5.1/stm32cubeide/plugins/com.st.stm32cube.ide.mcu.externaltools.gnu-tools-for-stm32.7-2018-q2-update.win32_1.5.0.202011040924/tools/bin/../lib/gcc/arm-none-eabi/7.3.1/../../../../arm-none-eabi/lib/thumb/v7e-m/fpv4-sp/hard\libc_nano.a(lib_a-fwalk.o)
                0x0000000008017ef4                _fwalk_reent
 .text.__swhatbuf_r
                0x0000000008017f30       0x48 c:/st/stm32cubeide_1.5.1/stm32cubeide/plugins/com.st.stm32cube.ide.mcu.externaltools.gnu-tools-for-stm32.7-2018-q2-update.win32_1.5.0.202011040924/tools/bin/../lib/gcc/arm-none-eabi/7.3.1/../../../../arm-none-eabi/lib/thumb/v7e-m/fpv4-sp/hard\libc_nano.a(lib_a-makebuf.o)
                0x0000000008017f30                __swhatbuf_r
 .text.__smakebuf_r
                0x0000000008017f78       0x80 c:/st/stm32cubeide_1.5.1/stm32cubeide/plugins/com.st.stm32cube.ide.mcu.externaltools.gnu-tools-for-stm32.7-2018-q2-update.win32_1.5.0.202011040924/tools/bin/../lib/gcc/arm-none-eabi/7.3.1/../../../../arm-none-eabi/lib/thumb/v7e-m/fpv4-sp/hard\libc_nano.a(lib_a-makebuf.o)
                0x0000000008017f78                __smakebuf_r
 .text.__malloc_lock
                0x0000000008017ff8        0x2 c:/st/stm32cubeide_1.5.1/stm32cubeide/plugins/com.st.stm32cube.ide.mcu.externaltools.gnu-tools-for-stm32.7-2018-q2-update.win32_1.5.0.202011040924/tools/bin/../lib/gcc/arm-none-eabi/7.3.1/../../../../arm-none-eabi/lib/thumb/v7e-m/fpv4-sp/hard\libc_nano.a(lib_a-mlock.o)
                0x0000000008017ff8                __malloc_lock
 .text.__malloc_unlock
                0x0000000008017ffa        0x2 c:/st/stm32cubeide_1.5.1/stm32cubeide/plugins/com.st.stm32cube.ide.mcu.externaltools.gnu-tools-for-stm32.7-2018-q2-update.win32_1.5.0.202011040924/tools/bin/../lib/gcc/arm-none-eabi/7.3.1/../../../../arm-none-eabi/lib/thumb/v7e-m/fpv4-sp/hard\libc_nano.a(lib_a-mlock.o)
                0x0000000008017ffa                __malloc_unlock
 .text.__sread  0x0000000008017ffc       0x22 c:/st/stm32cubeide_1.5.1/stm32cubeide/plugins/com.st.stm32cube.ide.mcu.externaltools.gnu-tools-for-stm32.7-2018-q2-update.win32_1.5.0.202011040924/tools/bin/../lib/gcc/arm-none-eabi/7.3.1/../../../../arm-none-eabi/lib/thumb/v7e-m/fpv4-sp/hard\libc_nano.a(lib_a-stdio.o)
                0x0000000008017ffc                __sread
 .text.__swrite
                0x000000000801801e       0x38 c:/st/stm32cubeide_1.5.1/stm32cubeide/plugins/com.st.stm32cube.ide.mcu.externaltools.gnu-tools-for-stm32.7-2018-q2-update.win32_1.5.0.202011040924/tools/bin/../lib/gcc/arm-none-eabi/7.3.1/../../../../arm-none-eabi/lib/thumb/v7e-m/fpv4-sp/hard\libc_nano.a(lib_a-stdio.o)
                0x000000000801801e                __swrite
 .text.__sseek  0x0000000008018056       0x24 c:/st/stm32cubeide_1.5.1/stm32cubeide/plugins/com.st.stm32cube.ide.mcu.externaltools.gnu-tools-for-stm32.7-2018-q2-update.win32_1.5.0.202011040924/tools/bin/../lib/gcc/arm-none-eabi/7.3.1/../../../../arm-none-eabi/lib/thumb/v7e-m/fpv4-sp/hard\libc_nano.a(lib_a-stdio.o)
                0x0000000008018056                __sseek
 .text.__sclose
                0x000000000801807a        0x8 c:/st/stm32cubeide_1.5.1/stm32cubeide/plugins/com.st.stm32cube.ide.mcu.externaltools.gnu-tools-for-stm32.7-2018-q2-update.win32_1.5.0.202011040924/tools/bin/../lib/gcc/arm-none-eabi/7.3.1/../../../../arm-none-eabi/lib/thumb/v7e-m/fpv4-sp/hard\libc_nano.a(lib_a-stdio.o)
                0x000000000801807a                __sclose
 *fill*         0x0000000008018082        0x2
 .text._write_r
                0x0000000008018084       0x24 c:/st/stm32cubeide_1.5.1/stm32cubeide/plugins/com.st.stm32cube.ide.mcu.externaltools.gnu-tools-for-stm32.7-2018-q2-update.win32_1.5.0.202011040924/tools/bin/../lib/gcc/arm-none-eabi/7.3.1/../../../../arm-none-eabi/lib/thumb/v7e-m/fpv4-sp/hard\libc_nano.a(lib_a-writer.o)
                0x0000000008018084                _write_r
 .text._close_r
                0x00000000080180a8       0x20 c:/st/stm32cubeide_1.5.1/stm32cubeide/plugins/com.st.stm32cube.ide.mcu.externaltools.gnu-tools-for-stm32.7-2018-q2-update.win32_1.5.0.202011040924/tools/bin/../lib/gcc/arm-none-eabi/7.3.1/../../../../arm-none-eabi/lib/thumb/v7e-m/fpv4-sp/hard\libc_nano.a(lib_a-closer.o)
                0x00000000080180a8                _close_r
 .text._fstat_r
                0x00000000080180c8       0x24 c:/st/stm32cubeide_1.5.1/stm32cubeide/plugins/com.st.stm32cube.ide.mcu.externaltools.gnu-tools-for-stm32.7-2018-q2-update.win32_1.5.0.202011040924/tools/bin/../lib/gcc/arm-none-eabi/7.3.1/../../../../arm-none-eabi/lib/thumb/v7e-m/fpv4-sp/hard\libc_nano.a(lib_a-fstatr.o)
                0x00000000080180c8                _fstat_r
 .text._isatty_r
                0x00000000080180ec       0x20 c:/st/stm32cubeide_1.5.1/stm32cubeide/plugins/com.st.stm32cube.ide.mcu.externaltools.gnu-tools-for-stm32.7-2018-q2-update.win32_1.5.0.202011040924/tools/bin/../lib/gcc/arm-none-eabi/7.3.1/../../../../arm-none-eabi/lib/thumb/v7e-m/fpv4-sp/hard\libc_nano.a(lib_a-isattyr.o)
                0x00000000080180ec                _isatty_r
 .text._lseek_r
                0x000000000801810c       0x24 c:/st/stm32cubeide_1.5.1/stm32cubeide/plugins/com.st.stm32cube.ide.mcu.externaltools.gnu-tools-for-stm32.7-2018-q2-update.win32_1.5.0.202011040924/tools/bin/../lib/gcc/arm-none-eabi/7.3.1/../../../../arm-none-eabi/lib/thumb/v7e-m/fpv4-sp/hard\libc_nano.a(lib_a-lseekr.o)
                0x000000000801810c                _lseek_r
 .text._read_r  0x0000000008018130       0x24 c:/st/stm32cubeide_1.5.1/stm32cubeide/plugins/com.st.stm32cube.ide.mcu.externaltools.gnu-tools-for-stm32.7-2018-q2-update.win32_1.5.0.202011040924/tools/bin/../lib/gcc/arm-none-eabi/7.3.1/../../../../arm-none-eabi/lib/thumb/v7e-m/fpv4-sp/hard\libc_nano.a(lib_a-readr.o)
                0x0000000008018130                _read_r
 *(.glue_7)
 .glue_7        0x0000000008018154        0x0 linker stubs
 *(.glue_7t)
 .glue_7t       0x0000000008018154        0x0 linker stubs
 *(.eh_frame)
 .eh_frame      0x0000000008018154        0x0 c:/st/stm32cubeide_1.5.1/stm32cubeide/plugins/com.st.stm32cube.ide.mcu.externaltools.gnu-tools-for-stm32.7-2018-q2-update.win32_1.5.0.202011040924/tools/bin/../lib/gcc/arm-none-eabi/7.3.1/thumb/v7e-m/fpv4-sp/hard/crtbegin.o
 *(.init)
 .init          0x0000000008018154        0x4 c:/st/stm32cubeide_1.5.1/stm32cubeide/plugins/com.st.stm32cube.ide.mcu.externaltools.gnu-tools-for-stm32.7-2018-q2-update.win32_1.5.0.202011040924/tools/bin/../lib/gcc/arm-none-eabi/7.3.1/thumb/v7e-m/fpv4-sp/hard/crti.o
                0x0000000008018154                _init
 .init          0x0000000008018158        0x8 c:/st/stm32cubeide_1.5.1/stm32cubeide/plugins/com.st.stm32cube.ide.mcu.externaltools.gnu-tools-for-stm32.7-2018-q2-update.win32_1.5.0.202011040924/tools/bin/../lib/gcc/arm-none-eabi/7.3.1/thumb/v7e-m/fpv4-sp/hard/crtn.o
 *(.fini)
 .fini          0x0000000008018160        0x4 c:/st/stm32cubeide_1.5.1/stm32cubeide/plugins/com.st.stm32cube.ide.mcu.externaltools.gnu-tools-for-stm32.7-2018-q2-update.win32_1.5.0.202011040924/tools/bin/../lib/gcc/arm-none-eabi/7.3.1/thumb/v7e-m/fpv4-sp/hard/crti.o
                0x0000000008018160                _fini
 .fini          0x0000000008018164        0x8 c:/st/stm32cubeide_1.5.1/stm32cubeide/plugins/com.st.stm32cube.ide.mcu.externaltools.gnu-tools-for-stm32.7-2018-q2-update.win32_1.5.0.202011040924/tools/bin/../lib/gcc/arm-none-eabi/7.3.1/thumb/v7e-m/fpv4-sp/hard/crtn.o
                0x000000000801816c                . = ALIGN (0x4)
                0x000000000801816c                _etext = .

.vfp11_veneer   0x000000000801816c        0x0
 .vfp11_veneer  0x000000000801816c        0x0 linker stubs

.v4_bx          0x000000000801816c        0x0
 .v4_bx         0x000000000801816c        0x0 linker stubs

.iplt           0x000000000801816c        0x0
 .iplt          0x000000000801816c        0x0 c:/st/stm32cubeide_1.5.1/stm32cubeide/plugins/com.st.stm32cube.ide.mcu.externaltools.gnu-tools-for-stm32.7-2018-q2-update.win32_1.5.0.202011040924/tools/bin/../lib/gcc/arm-none-eabi/7.3.1/thumb/v7e-m/fpv4-sp/hard/crtbegin.o

.rodata         0x000000000801816c      0x134
                0x000000000801816c                . = ALIGN (0x4)
 *(.rodata)
 .rodata        0x000000000801816c       0x2b Core/Src/main.o
 *fill*         0x0000000008018197        0x1
 .rodata        0x0000000008018198       0x4e USB_DEVICE/App/usbd_desc.o
 *fill*         0x00000000080181e6        0x2
 .rodata        0x00000000080181e8       0x39 USB_DEVICE/App/usbd_dfu_if.o
 *(.rodata*)
 *fill*         0x0000000008018221        0x3
 .rodata.AHBPrescTable
                0x0000000008018224       0x10 Core/Src/system_stm32f4xx.o
                0x0000000008018224                AHBPrescTable
 .rodata.APBPrescTable
                0x0000000008018234        0x8 Core/Src/system_stm32f4xx.o
                0x0000000008018234                APBPrescTable
 .rodata._global_impure_ptr
                0x000000000801823c        0x4 c:/st/stm32cubeide_1.5.1/stm32cubeide/plugins/com.st.stm32cube.ide.mcu.externaltools.gnu-tools-for-stm32.7-2018-q2-update.win32_1.5.0.202011040924/tools/bin/../lib/gcc/arm-none-eabi/7.3.1/../../../../arm-none-eabi/lib/thumb/v7e-m/fpv4-sp/hard\libc_nano.a(lib_a-impure.o)
                0x000000000801823c                _global_impure_ptr
 .rodata.__sf_fake_stderr
                0x0000000008018240       0x20 c:/st/stm32cubeide_1.5.1/stm32cubeide/plugins/com.st.stm32cube.ide.mcu.externaltools.gnu-tools-for-stm32.7-2018-q2-update.win32_1.5.0.202011040924/tools/bin/../lib/gcc/arm-none-eabi/7.3.1/../../../../arm-none-eabi/lib/thumb/v7e-m/fpv4-sp/hard\libc_nano.a(lib_a-findfp.o)
                0x0000000008018240                __sf_fake_stderr
 .rodata.__sf_fake_stdin
                0x0000000008018260       0x20 c:/st/stm32cubeide_1.5.1/stm32cubeide/plugins/com.st.stm32cube.ide.mcu.externaltools.gnu-tools-for-stm32.7-2018-q2-update.win32_1.5.0.202011040924/tools/bin/../lib/gcc/arm-none-eabi/7.3.1/../../../../arm-none-eabi/lib/thumb/v7e-m/fpv4-sp/hard\libc_nano.a(lib_a-findfp.o)
                0x0000000008018260                __sf_fake_stdin
 .rodata.__sf_fake_stdout
                0x0000000008018280       0x20 c:/st/stm32cubeide_1.5.1/stm32cubeide/plugins/com.st.stm32cube.ide.mcu.externaltools.gnu-tools-for-stm32.7-2018-q2-update.win32_1.5.0.202011040924/tools/bin/../lib/gcc/arm-none-eabi/7.3.1/../../../../arm-none-eabi/lib/thumb/v7e-m/fpv4-sp/hard\libc_nano.a(lib_a-findfp.o)
                0x0000000008018280                __sf_fake_stdout
                0x00000000080182a0                . = ALIGN (0x4)

.ARM.extab      0x00000000080182a0        0x0
                0x00000000080182a0                . = ALIGN (0x4)
 *(.ARM.extab* .gnu.linkonce.armextab.*)
                0x00000000080182a0                . = ALIGN (0x4)

.ARM            0x00000000080182a0        0x8
                0x00000000080182a0                . = ALIGN (0x4)
                0x00000000080182a0                __exidx_start = .
 *(.ARM.exidx*)
 .ARM.exidx     0x00000000080182a0        0x8 c:/st/stm32cubeide_1.5.1/stm32cubeide/plugins/com.st.stm32cube.ide.mcu.externaltools.gnu-tools-for-stm32.7-2018-q2-update.win32_1.5.0.202011040924/tools/bin/../lib/gcc/arm-none-eabi/7.3.1/thumb/v7e-m/fpv4-sp/hard\libgcc.a(_udivmoddi4.o)
                0x00000000080182a8                __exidx_end = .
                0x00000000080182a8                . = ALIGN (0x4)

.rel.dyn        0x00000000080182a8        0x0
 .rel.iplt      0x00000000080182a8        0x0 c:/st/stm32cubeide_1.5.1/stm32cubeide/plugins/com.st.stm32cube.ide.mcu.externaltools.gnu-tools-for-stm32.7-2018-q2-update.win32_1.5.0.202011040924/tools/bin/../lib/gcc/arm-none-eabi/7.3.1/thumb/v7e-m/fpv4-sp/hard/crtbegin.o

.preinit_array  0x00000000080182a8        0x0
                0x00000000080182a8                . = ALIGN (0x4)
                0x00000000080182a8                PROVIDE (__preinit_array_start = .)
 *(.preinit_array*)
                0x00000000080182a8                PROVIDE (__preinit_array_end = .)
                0x00000000080182a8                . = ALIGN (0x4)

.init_array     0x00000000080182a8        0x4
                0x00000000080182a8                . = ALIGN (0x4)
                0x00000000080182a8                PROVIDE (__init_array_start = .)
 *(SORT_BY_NAME(.init_array.*))
 *(.init_array*)
 .init_array    0x00000000080182a8        0x4 c:/st/stm32cubeide_1.5.1/stm32cubeide/plugins/com.st.stm32cube.ide.mcu.externaltools.gnu-tools-for-stm32.7-2018-q2-update.win32_1.5.0.202011040924/tools/bin/../lib/gcc/arm-none-eabi/7.3.1/thumb/v7e-m/fpv4-sp/hard/crtbegin.o
                0x00000000080182ac                PROVIDE (__init_array_end = .)
                0x00000000080182ac                . = ALIGN (0x4)

.fini_array     0x00000000080182ac        0x4
                0x00000000080182ac                . = ALIGN (0x4)
                [!provide]                        PROVIDE (__fini_array_start = .)
 *(SORT_BY_NAME(.fini_array.*))
 *(.fini_array*)
 .fini_array    0x00000000080182ac        0x4 c:/st/stm32cubeide_1.5.1/stm32cubeide/plugins/com.st.stm32cube.ide.mcu.externaltools.gnu-tools-for-stm32.7-2018-q2-update.win32_1.5.0.202011040924/tools/bin/../lib/gcc/arm-none-eabi/7.3.1/thumb/v7e-m/fpv4-sp/hard/crtbegin.o
                [!provide]                        PROVIDE (__fini_array_end = .)
                0x00000000080182b0                . = ALIGN (0x4)
                0x00000000080182b0                _sidata = LOADADDR (.data)

.data           0x0000000020000000      0x150 load address 0x00000000080182b0
                0x0000000020000000                . = ALIGN (0x4)
                0x0000000020000000                _sdata = .
 *(.data)
 *(.data*)
 .data.SystemCoreClock
                0x0000000020000000        0x4 Core/Src/system_stm32f4xx.o
                0x0000000020000000                SystemCoreClock
 .data.uwTickPrio
                0x0000000020000004        0x4 Drivers/STM32F4xx_HAL_Driver/Src/stm32f4xx_hal.o
                0x0000000020000004                uwTickPrio
 .data.uwTickFreq
                0x0000000020000008        0x1 Drivers/STM32F4xx_HAL_Driver/Src/stm32f4xx_hal.o
                0x0000000020000008                uwTickFreq
 *fill*         0x0000000020000009        0x3
 .data.USBD_DFU
                0x000000002000000c       0x3c Middlewares/ST/STM32_USB_Device_Library/Class/DFU/Src/usbd_dfu.o
                0x000000002000000c                USBD_DFU
 .data.USBD_DFU_CfgDesc
                0x0000000020000048       0x1b Middlewares/ST/STM32_USB_Device_Library/Class/DFU/Src/usbd_dfu.o
 *fill*         0x0000000020000063        0x1
 .data.USBD_DFU_DeviceQualifierDesc
                0x0000000020000064        0xa Middlewares/ST/STM32_USB_Device_Library/Class/DFU/Src/usbd_dfu.o
 *fill*         0x000000002000006e        0x2
 .data.FS_Desc  0x0000000020000070       0x20 USB_DEVICE/App/usbd_desc.o
                0x0000000020000070                FS_Desc
 .data.USBD_FS_DeviceDesc
                0x0000000020000090       0x12 USB_DEVICE/App/usbd_desc.o
                0x0000000020000090                USBD_FS_DeviceDesc
 *fill*         0x00000000200000a2        0x2
 .data.USBD_FS_BOSDesc
                0x00000000200000a4        0xc USB_DEVICE/App/usbd_desc.o
                0x00000000200000a4                USBD_FS_BOSDesc
 .data.USBD_LangIDDesc
                0x00000000200000b0        0x4 USB_DEVICE/App/usbd_desc.o
                0x00000000200000b0                USBD_LangIDDesc
 .data.USBD_StringSerial
                0x00000000200000b4       0x1a USB_DEVICE/App/usbd_desc.o
                0x00000000200000b4                USBD_StringSerial
 *fill*         0x00000000200000ce        0x2
 .data.USBD_DFU_fops_FS
                0x00000000200000d0       0x1c USB_DEVICE/App/usbd_dfu_if.o
                0x00000000200000d0                USBD_DFU_fops_FS
 .data._impure_ptr
                0x00000000200000ec        0x4 c:/st/stm32cubeide_1.5.1/stm32cubeide/plugins/com.st.stm32cube.ide.mcu.externaltools.gnu-tools-for-stm32.7-2018-q2-update.win32_1.5.0.202011040924/tools/bin/../lib/gcc/arm-none-eabi/7.3.1/../../../../arm-none-eabi/lib/thumb/v7e-m/fpv4-sp/hard\libc_nano.a(lib_a-impure.o)
                0x00000000200000ec                _impure_ptr
 .data.impure_data
                0x00000000200000f0       0x60 c:/st/stm32cubeide_1.5.1/stm32cubeide/plugins/com.st.stm32cube.ide.mcu.externaltools.gnu-tools-for-stm32.7-2018-q2-update.win32_1.5.0.202011040924/tools/bin/../lib/gcc/arm-none-eabi/7.3.1/../../../../arm-none-eabi/lib/thumb/v7e-m/fpv4-sp/hard\libc_nano.a(lib_a-impure.o)
                0x0000000020000150                . = ALIGN (0x4)
                0x0000000020000150                _edata = .

.igot.plt       0x0000000020000150        0x0 load address 0x0000000008018400
 .igot.plt      0x0000000020000150        0x0 c:/st/stm32cubeide_1.5.1/stm32cubeide/plugins/com.st.stm32cube.ide.mcu.externaltools.gnu-tools-for-stm32.7-2018-q2-update.win32_1.5.0.202011040924/tools/bin/../lib/gcc/arm-none-eabi/7.3.1/thumb/v7e-m/fpv4-sp/hard/crtbegin.o
                0x0000000020000150                . = ALIGN (0x4)

.bss            0x0000000020000150      0xa48 load address 0x0000000008018400
                0x0000000020000150                _sbss = .
                0x0000000020000150                __bss_start__ = _sbss
 *(.bss)
 .bss           0x0000000020000150       0x1c c:/st/stm32cubeide_1.5.1/stm32cubeide/plugins/com.st.stm32cube.ide.mcu.externaltools.gnu-tools-for-stm32.7-2018-q2-update.win32_1.5.0.202011040924/tools/bin/../lib/gcc/arm-none-eabi/7.3.1/thumb/v7e-m/fpv4-sp/hard/crtbegin.o
 *(.bss*)
 .bss.__sbrk_heap_end
                0x000000002000016c        0x4 Core/Src/sysmem.o
 .bss.USBD_StrDesc.9914
                0x0000000020000170       0xff Middlewares/ST/STM32_USB_Device_Library/Class/DFU/Src/usbd_dfu.o
 .bss.cfgidx.9875
                0x000000002000026f        0x1 Middlewares/ST/STM32_USB_Device_Library/Core/Src/usbd_ctlreq.o
 .bss.__malloc_free_list
                0x0000000020000270        0x4 c:/st/stm32cubeide_1.5.1/stm32cubeide/plugins/com.st.stm32cube.ide.mcu.externaltools.gnu-tools-for-stm32.7-2018-q2-update.win32_1.5.0.202011040924/tools/bin/../lib/gcc/arm-none-eabi/7.3.1/../../../../arm-none-eabi/lib/thumb/v7e-m/fpv4-sp/hard\libc_nano.a(lib_a-nano-mallocr.o)
                0x0000000020000270                __malloc_free_list
 .bss.__malloc_sbrk_start
                0x0000000020000274        0x4 c:/st/stm32cubeide_1.5.1/stm32cubeide/plugins/com.st.stm32cube.ide.mcu.externaltools.gnu-tools-for-stm32.7-2018-q2-update.win32_1.5.0.202011040924/tools/bin/../lib/gcc/arm-none-eabi/7.3.1/../../../../arm-none-eabi/lib/thumb/v7e-m/fpv4-sp/hard\libc_nano.a(lib_a-nano-mallocr.o)
                0x0000000020000274                __malloc_sbrk_start
 *(COMMON)
 COMMON         0x0000000020000278       0x40 Core/Src/usart.o
                0x0000000020000278                huart2
 COMMON         0x00000000200002b8        0x4 Drivers/STM32F4xx_HAL_Driver/Src/stm32f4xx_hal.o
                0x00000000200002b8                uwTick
 COMMON         0x00000000200002bc      0x2d0 USB_DEVICE/App/usb_device.o
                0x00000000200002bc                hUsbDeviceFS
 COMMON         0x000000002000058c      0x200 USB_DEVICE/App/usbd_desc.o
                0x000000002000058c                USBD_StrDesc
 COMMON         0x000000002000078c      0x408 USB_DEVICE/Target/usbd_conf.o
                0x000000002000078c                hpcd_USB_OTG_FS
 COMMON         0x0000000020000b94        0x4 c:/st/stm32cubeide_1.5.1/stm32cubeide/plugins/com.st.stm32cube.ide.mcu.externaltools.gnu-tools-for-stm32.7-2018-q2-update.win32_1.5.0.202011040924/tools/bin/../lib/gcc/arm-none-eabi/7.3.1/../../../../arm-none-eabi/lib/thumb/v7e-m/fpv4-sp/hard\libc_nano.a(lib_a-reent.o)
                0x0000000020000b94                errno
                0x0000000020000b98                . = ALIGN (0x4)
                0x0000000020000b98                _ebss = .
                0x0000000020000b98                __bss_end__ = _ebss

._user_heap_stack
                0x0000000020000b98      0x600 load address 0x0000000008018400
                0x0000000020000b98                . = ALIGN (0x8)
                [!provide]                        PROVIDE (end = .)
                0x0000000020000b98                PROVIDE (_end = .)
                0x0000000020000d98                . = (. + _Min_Heap_Size)
 *fill*         0x0000000020000b98      0x200
                0x0000000020001198                . = (. + _Min_Stack_Size)
 *fill*         0x0000000020000d98      0x400
                0x0000000020001198                . = ALIGN (0x8)

/DISCARD/
 libc.a(*)
 libm.a(*)
 libgcc.a(*)

.ARM.attributes
                0x0000000000000000       0x30
 *(.ARM.attributes)
 .ARM.attributes
                0x0000000000000000       0x22 c:/st/stm32cubeide_1.5.1/stm32cubeide/plugins/com.st.stm32cube.ide.mcu.externaltools.gnu-tools-for-stm32.7-2018-q2-update.win32_1.5.0.202011040924/tools/bin/../lib/gcc/arm-none-eabi/7.3.1/thumb/v7e-m/fpv4-sp/hard/crti.o
 .ARM.attributes
                0x0000000000000022       0x34 c:/st/stm32cubeide_1.5.1/stm32cubeide/plugins/com.st.stm32cube.ide.mcu.externaltools.gnu-tools-for-stm32.7-2018-q2-update.win32_1.5.0.202011040924/tools/bin/../lib/gcc/arm-none-eabi/7.3.1/thumb/v7e-m/fpv4-sp/hard/crtbegin.o
 .ARM.attributes
                0x0000000000000056       0x39 Core/Src/gpio.o
 .ARM.attributes
                0x000000000000008f       0x39 Core/Src/main.o
 .ARM.attributes
                0x00000000000000c8       0x39 Core/Src/stm32f4xx_hal_msp.o
 .ARM.attributes
                0x0000000000000101       0x39 Core/Src/stm32f4xx_it.o
 .ARM.attributes
                0x000000000000013a       0x39 Core/Src/syscalls.o
 .ARM.attributes
                0x0000000000000173       0x39 Core/Src/sysmem.o
 .ARM.attributes
                0x00000000000001ac       0x39 Core/Src/system_stm32f4xx.o
 .ARM.attributes
                0x00000000000001e5       0x39 Core/Src/usart.o
 .ARM.attributes
                0x000000000000021e       0x21 Core/Startup/startup_stm32f412zgtx.o
 .ARM.attributes
                0x000000000000023f       0x39 Drivers/STM32F4xx_HAL_Driver/Src/stm32f4xx_hal.o
 .ARM.attributes
                0x0000000000000278       0x39 Drivers/STM32F4xx_HAL_Driver/Src/stm32f4xx_hal_cortex.o
 .ARM.attributes
                0x00000000000002b1       0x39 Drivers/STM32F4xx_HAL_Driver/Src/stm32f4xx_hal_gpio.o
 .ARM.attributes
                0x00000000000002ea       0x39 Drivers/STM32F4xx_HAL_Driver/Src/stm32f4xx_hal_pcd.o
 .ARM.attributes
                0x0000000000000323       0x39 Drivers/STM32F4xx_HAL_Driver/Src/stm32f4xx_hal_pcd_ex.o
 .ARM.attributes
                0x000000000000035c       0x39 Drivers/STM32F4xx_HAL_Driver/Src/stm32f4xx_hal_rcc.o
 .ARM.attributes
                0x0000000000000395       0x39 Drivers/STM32F4xx_HAL_Driver/Src/stm32f4xx_hal_rcc_ex.o
 .ARM.attributes
                0x00000000000003ce       0x39 Drivers/STM32F4xx_HAL_Driver/Src/stm32f4xx_hal_uart.o
 .ARM.attributes
                0x0000000000000407       0x39 Drivers/STM32F4xx_HAL_Driver/Src/stm32f4xx_ll_usb.o
 .ARM.attributes
                0x0000000000000440       0x39 Middlewares/ST/STM32_USB_Device_Library/Class/DFU/Src/usbd_dfu.o
 .ARM.attributes
                0x0000000000000479       0x39 Middlewares/ST/STM32_USB_Device_Library/Core/Src/usbd_core.o
 .ARM.attributes
                0x00000000000004b2       0x39 Middlewares/ST/STM32_USB_Device_Library/Core/Src/usbd_ctlreq.o
 .ARM.attributes
                0x00000000000004eb       0x39 Middlewares/ST/STM32_USB_Device_Library/Core/Src/usbd_ioreq.o
 .ARM.attributes
                0x0000000000000524       0x39 USB_DEVICE/App/usb_device.o
 .ARM.attributes
                0x000000000000055d       0x39 USB_DEVICE/App/usbd_desc.o
 .ARM.attributes
                0x0000000000000596       0x39 USB_DEVICE/App/usbd_dfu_if.o
 .ARM.attributes
                0x00000000000005cf       0x39 USB_DEVICE/Target/usbd_conf.o
 .ARM.attributes
                0x0000000000000608       0x34 c:/st/stm32cubeide_1.5.1/stm32cubeide/plugins/com.st.stm32cube.ide.mcu.externaltools.gnu-tools-for-stm32.7-2018-q2-update.win32_1.5.0.202011040924/tools/bin/../lib/gcc/arm-none-eabi/7.3.1/../../../../arm-none-eabi/lib/thumb/v7e-m/fpv4-sp/hard\libc_nano.a(lib_a-errno.o)
 .ARM.attributes
                0x000000000000063c       0x34 c:/st/stm32cubeide_1.5.1/stm32cubeide/plugins/com.st.stm32cube.ide.mcu.externaltools.gnu-tools-for-stm32.7-2018-q2-update.win32_1.5.0.202011040924/tools/bin/../lib/gcc/arm-none-eabi/7.3.1/../../../../arm-none-eabi/lib/thumb/v7e-m/fpv4-sp/hard\libc_nano.a(lib_a-impure.o)
 .ARM.attributes
                0x0000000000000670       0x34 c:/st/stm32cubeide_1.5.1/stm32cubeide/plugins/com.st.stm32cube.ide.mcu.externaltools.gnu-tools-for-stm32.7-2018-q2-update.win32_1.5.0.202011040924/tools/bin/../lib/gcc/arm-none-eabi/7.3.1/../../../../arm-none-eabi/lib/thumb/v7e-m/fpv4-sp/hard\libc_nano.a(lib_a-init.o)
 .ARM.attributes
                0x00000000000006a4       0x34 c:/st/stm32cubeide_1.5.1/stm32cubeide/plugins/com.st.stm32cube.ide.mcu.externaltools.gnu-tools-for-stm32.7-2018-q2-update.win32_1.5.0.202011040924/tools/bin/../lib/gcc/arm-none-eabi/7.3.1/../../../../arm-none-eabi/lib/thumb/v7e-m/fpv4-sp/hard\libc_nano.a(lib_a-malloc.o)
 .ARM.attributes
                0x00000000000006d8       0x34 c:/st/stm32cubeide_1.5.1/stm32cubeide/plugins/com.st.stm32cube.ide.mcu.externaltools.gnu-tools-for-stm32.7-2018-q2-update.win32_1.5.0.202011040924/tools/bin/../lib/gcc/arm-none-eabi/7.3.1/../../../../arm-none-eabi/lib/thumb/v7e-m/fpv4-sp/hard\libc_nano.a(lib_a-memset.o)
 .ARM.attributes
                0x000000000000070c       0x34 c:/st/stm32cubeide_1.5.1/stm32cubeide/plugins/com.st.stm32cube.ide.mcu.externaltools.gnu-tools-for-stm32.7-2018-q2-update.win32_1.5.0.202011040924/tools/bin/../lib/gcc/arm-none-eabi/7.3.1/../../../../arm-none-eabi/lib/thumb/v7e-m/fpv4-sp/hard\libc_nano.a(lib_a-nano-freer.o)
 .ARM.attributes
                0x0000000000000740       0x34 c:/st/stm32cubeide_1.5.1/stm32cubeide/plugins/com.st.stm32cube.ide.mcu.externaltools.gnu-tools-for-stm32.7-2018-q2-update.win32_1.5.0.202011040924/tools/bin/../lib/gcc/arm-none-eabi/7.3.1/../../../../arm-none-eabi/lib/thumb/v7e-m/fpv4-sp/hard\libc_nano.a(lib_a-nano-mallocr.o)
 .ARM.attributes
                0x0000000000000774       0x34 c:/st/stm32cubeide_1.5.1/stm32cubeide/plugins/com.st.stm32cube.ide.mcu.externaltools.gnu-tools-for-stm32.7-2018-q2-update.win32_1.5.0.202011040924/tools/bin/../lib/gcc/arm-none-eabi/7.3.1/../../../../arm-none-eabi/lib/thumb/v7e-m/fpv4-sp/hard\libc_nano.a(lib_a-puts.o)
 .ARM.attributes
                0x00000000000007a8       0x34 c:/st/stm32cubeide_1.5.1/stm32cubeide/plugins/com.st.stm32cube.ide.mcu.externaltools.gnu-tools-for-stm32.7-2018-q2-update.win32_1.5.0.202011040924/tools/bin/../lib/gcc/arm-none-eabi/7.3.1/../../../../arm-none-eabi/lib/thumb/v7e-m/fpv4-sp/hard\libc_nano.a(lib_a-sbrkr.o)
 .ARM.attributes
                0x00000000000007dc       0x34 c:/st/stm32cubeide_1.5.1/stm32cubeide/plugins/com.st.stm32cube.ide.mcu.externaltools.gnu-tools-for-stm32.7-2018-q2-update.win32_1.5.0.202011040924/tools/bin/../lib/gcc/arm-none-eabi/7.3.1/../../../../arm-none-eabi/lib/thumb/v7e-m/fpv4-sp/hard\libc_nano.a(lib_a-wbuf.o)
 .ARM.attributes
                0x0000000000000810       0x34 c:/st/stm32cubeide_1.5.1/stm32cubeide/plugins/com.st.stm32cube.ide.mcu.externaltools.gnu-tools-for-stm32.7-2018-q2-update.win32_1.5.0.202011040924/tools/bin/../lib/gcc/arm-none-eabi/7.3.1/../../../../arm-none-eabi/lib/thumb/v7e-m/fpv4-sp/hard\libc_nano.a(lib_a-wsetup.o)
 .ARM.attributes
                0x0000000000000844       0x34 c:/st/stm32cubeide_1.5.1/stm32cubeide/plugins/com.st.stm32cube.ide.mcu.externaltools.gnu-tools-for-stm32.7-2018-q2-update.win32_1.5.0.202011040924/tools/bin/../lib/gcc/arm-none-eabi/7.3.1/../../../../arm-none-eabi/lib/thumb/v7e-m/fpv4-sp/hard\libc_nano.a(lib_a-fflush.o)
 .ARM.attributes
                0x0000000000000878       0x34 c:/st/stm32cubeide_1.5.1/stm32cubeide/plugins/com.st.stm32cube.ide.mcu.externaltools.gnu-tools-for-stm32.7-2018-q2-update.win32_1.5.0.202011040924/tools/bin/../lib/gcc/arm-none-eabi/7.3.1/../../../../arm-none-eabi/lib/thumb/v7e-m/fpv4-sp/hard\libc_nano.a(lib_a-findfp.o)
 .ARM.attributes
                0x00000000000008ac       0x34 c:/st/stm32cubeide_1.5.1/stm32cubeide/plugins/com.st.stm32cube.ide.mcu.externaltools.gnu-tools-for-stm32.7-2018-q2-update.win32_1.5.0.202011040924/tools/bin/../lib/gcc/arm-none-eabi/7.3.1/../../../../arm-none-eabi/lib/thumb/v7e-m/fpv4-sp/hard\libc_nano.a(lib_a-fwalk.o)
 .ARM.attributes
                0x00000000000008e0       0x34 c:/st/stm32cubeide_1.5.1/stm32cubeide/plugins/com.st.stm32cube.ide.mcu.externaltools.gnu-tools-for-stm32.7-2018-q2-update.win32_1.5.0.202011040924/tools/bin/../lib/gcc/arm-none-eabi/7.3.1/../../../../arm-none-eabi/lib/thumb/v7e-m/fpv4-sp/hard\libc_nano.a(lib_a-makebuf.o)
 .ARM.attributes
                0x0000000000000914       0x34 c:/st/stm32cubeide_1.5.1/stm32cubeide/plugins/com.st.stm32cube.ide.mcu.externaltools.gnu-tools-for-stm32.7-2018-q2-update.win32_1.5.0.202011040924/tools/bin/../lib/gcc/arm-none-eabi/7.3.1/../../../../arm-none-eabi/lib/thumb/v7e-m/fpv4-sp/hard\libc_nano.a(lib_a-mlock.o)
 .ARM.attributes
                0x0000000000000948       0x34 c:/st/stm32cubeide_1.5.1/stm32cubeide/plugins/com.st.stm32cube.ide.mcu.externaltools.gnu-tools-for-stm32.7-2018-q2-update.win32_1.5.0.202011040924/tools/bin/../lib/gcc/arm-none-eabi/7.3.1/../../../../arm-none-eabi/lib/thumb/v7e-m/fpv4-sp/hard\libc_nano.a(lib_a-reent.o)
 .ARM.attributes
                0x000000000000097c       0x34 c:/st/stm32cubeide_1.5.1/stm32cubeide/plugins/com.st.stm32cube.ide.mcu.externaltools.gnu-tools-for-stm32.7-2018-q2-update.win32_1.5.0.202011040924/tools/bin/../lib/gcc/arm-none-eabi/7.3.1/../../../../arm-none-eabi/lib/thumb/v7e-m/fpv4-sp/hard\libc_nano.a(lib_a-stdio.o)
 .ARM.attributes
                0x00000000000009b0       0x34 c:/st/stm32cubeide_1.5.1/stm32cubeide/plugins/com.st.stm32cube.ide.mcu.externaltools.gnu-tools-for-stm32.7-2018-q2-update.win32_1.5.0.202011040924/tools/bin/../lib/gcc/arm-none-eabi/7.3.1/../../../../arm-none-eabi/lib/thumb/v7e-m/fpv4-sp/hard\libc_nano.a(lib_a-writer.o)
 .ARM.attributes
                0x00000000000009e4       0x34 c:/st/stm32cubeide_1.5.1/stm32cubeide/plugins/com.st.stm32cube.ide.mcu.externaltools.gnu-tools-for-stm32.7-2018-q2-update.win32_1.5.0.202011040924/tools/bin/../lib/gcc/arm-none-eabi/7.3.1/../../../../arm-none-eabi/lib/thumb/v7e-m/fpv4-sp/hard\libc_nano.a(lib_a-closer.o)
 .ARM.attributes
                0x0000000000000a18       0x34 c:/st/stm32cubeide_1.5.1/stm32cubeide/plugins/com.st.stm32cube.ide.mcu.externaltools.gnu-tools-for-stm32.7-2018-q2-update.win32_1.5.0.202011040924/tools/bin/../lib/gcc/arm-none-eabi/7.3.1/../../../../arm-none-eabi/lib/thumb/v7e-m/fpv4-sp/hard\libc_nano.a(lib_a-fstatr.o)
 .ARM.attributes
                0x0000000000000a4c       0x34 c:/st/stm32cubeide_1.5.1/stm32cubeide/plugins/com.st.stm32cube.ide.mcu.externaltools.gnu-tools-for-stm32.7-2018-q2-update.win32_1.5.0.202011040924/tools/bin/../lib/gcc/arm-none-eabi/7.3.1/../../../../arm-none-eabi/lib/thumb/v7e-m/fpv4-sp/hard\libc_nano.a(lib_a-isattyr.o)
 .ARM.attributes
                0x0000000000000a80       0x34 c:/st/stm32cubeide_1.5.1/stm32cubeide/plugins/com.st.stm32cube.ide.mcu.externaltools.gnu-tools-for-stm32.7-2018-q2-update.win32_1.5.0.202011040924/tools/bin/../lib/gcc/arm-none-eabi/7.3.1/../../../../arm-none-eabi/lib/thumb/v7e-m/fpv4-sp/hard\libc_nano.a(lib_a-lseekr.o)
 .ARM.attributes
                0x0000000000000ab4       0x34 c:/st/stm32cubeide_1.5.1/stm32cubeide/plugins/com.st.stm32cube.ide.mcu.externaltools.gnu-tools-for-stm32.7-2018-q2-update.win32_1.5.0.202011040924/tools/bin/../lib/gcc/arm-none-eabi/7.3.1/../../../../arm-none-eabi/lib/thumb/v7e-m/fpv4-sp/hard\libc_nano.a(lib_a-readr.o)
 .ARM.attributes
                0x0000000000000ae8       0x22 c:/st/stm32cubeide_1.5.1/stm32cubeide/plugins/com.st.stm32cube.ide.mcu.externaltools.gnu-tools-for-stm32.7-2018-q2-update.win32_1.5.0.202011040924/tools/bin/../lib/gcc/arm-none-eabi/7.3.1/thumb/v7e-m/fpv4-sp/hard\libgcc.a(_aeabi_uldivmod.o)
 .ARM.attributes
                0x0000000000000b0a       0x34 c:/st/stm32cubeide_1.5.1/stm32cubeide/plugins/com.st.stm32cube.ide.mcu.externaltools.gnu-tools-for-stm32.7-2018-q2-update.win32_1.5.0.202011040924/tools/bin/../lib/gcc/arm-none-eabi/7.3.1/thumb/v7e-m/fpv4-sp/hard\libgcc.a(_udivmoddi4.o)
 .ARM.attributes
                0x0000000000000b3e       0x22 c:/st/stm32cubeide_1.5.1/stm32cubeide/plugins/com.st.stm32cube.ide.mcu.externaltools.gnu-tools-for-stm32.7-2018-q2-update.win32_1.5.0.202011040924/tools/bin/../lib/gcc/arm-none-eabi/7.3.1/thumb/v7e-m/fpv4-sp/hard\libgcc.a(_dvmd_tls.o)
 .ARM.attributes
                0x0000000000000b60       0x22 c:/st/stm32cubeide_1.5.1/stm32cubeide/plugins/com.st.stm32cube.ide.mcu.externaltools.gnu-tools-for-stm32.7-2018-q2-update.win32_1.5.0.202011040924/tools/bin/../lib/gcc/arm-none-eabi/7.3.1/thumb/v7e-m/fpv4-sp/hard/crtn.o
OUTPUT(Application.elf elf32-littlearm)

.debug_info     0x0000000000000000    0x15c51
 .debug_info    0x0000000000000000      0x534 Core/Src/gpio.o
 .debug_info    0x0000000000000534     0x131a Core/Src/main.o
 .debug_info    0x000000000000184e      0x396 Core/Src/stm32f4xx_hal_msp.o
 .debug_info    0x0000000000001be4      0x6d3 Core/Src/stm32f4xx_it.o
 .debug_info    0x00000000000022b7      0xebd Core/Src/syscalls.o
 .debug_info    0x0000000000003174      0x985 Core/Src/sysmem.o
 .debug_info    0x0000000000003af9      0x588 Core/Src/system_stm32f4xx.o
 .debug_info    0x0000000000004081      0x97e Core/Src/usart.o
 .debug_info    0x00000000000049ff       0x22 Core/Startup/startup_stm32f412zgtx.o
 .debug_info    0x0000000000004a21      0x967 Drivers/STM32F4xx_HAL_Driver/Src/stm32f4xx_hal.o
 .debug_info    0x0000000000005388      0xe16 Drivers/STM32F4xx_HAL_Driver/Src/stm32f4xx_hal_cortex.o
 .debug_info    0x000000000000619e      0x803 Drivers/STM32F4xx_HAL_Driver/Src/stm32f4xx_hal_gpio.o
 .debug_info    0x00000000000069a1     0x1228 Drivers/STM32F4xx_HAL_Driver/Src/stm32f4xx_hal_pcd.o
 .debug_info    0x0000000000007bc9      0x8d5 Drivers/STM32F4xx_HAL_Driver/Src/stm32f4xx_hal_pcd_ex.o
 .debug_info    0x000000000000849e      0x944 Drivers/STM32F4xx_HAL_Driver/Src/stm32f4xx_hal_rcc.o
 .debug_info    0x0000000000008de2      0x80b Drivers/STM32F4xx_HAL_Driver/Src/stm32f4xx_hal_rcc_ex.o
 .debug_info    0x00000000000095ed     0x124c Drivers/STM32F4xx_HAL_Driver/Src/stm32f4xx_hal_uart.o
 .debug_info    0x000000000000a839     0x193b Drivers/STM32F4xx_HAL_Driver/Src/stm32f4xx_ll_usb.o
 .debug_info    0x000000000000c174     0x1766 Middlewares/ST/STM32_USB_Device_Library/Class/DFU/Src/usbd_dfu.o
 .debug_info    0x000000000000d8da     0x12bc Middlewares/ST/STM32_USB_Device_Library/Core/Src/usbd_core.o
 .debug_info    0x000000000000eb96     0x1274 Middlewares/ST/STM32_USB_Device_Library/Core/Src/usbd_ctlreq.o
 .debug_info    0x000000000000fe0a      0xfbf Middlewares/ST/STM32_USB_Device_Library/Core/Src/usbd_ioreq.o
 .debug_info    0x0000000000010dc9      0xf4a USB_DEVICE/App/usb_device.o
 .debug_info    0x0000000000011d13      0xd87 USB_DEVICE/App/usbd_desc.o
 .debug_info    0x0000000000012a9a     0x1053 USB_DEVICE/App/usbd_dfu_if.o
 .debug_info    0x0000000000013aed     0x2164 USB_DEVICE/Target/usbd_conf.o

.debug_abbrev   0x0000000000000000     0x33b9
 .debug_abbrev  0x0000000000000000      0x134 Core/Src/gpio.o
 .debug_abbrev  0x0000000000000134      0x244 Core/Src/main.o
 .debug_abbrev  0x0000000000000378      0x109 Core/Src/stm32f4xx_hal_msp.o
 .debug_abbrev  0x0000000000000481      0x164 Core/Src/stm32f4xx_it.o
 .debug_abbrev  0x00000000000005e5      0x261 Core/Src/syscalls.o
 .debug_abbrev  0x0000000000000846      0x19b Core/Src/sysmem.o
 .debug_abbrev  0x00000000000009e1      0x12b Core/Src/system_stm32f4xx.o
 .debug_abbrev  0x0000000000000b0c      0x199 Core/Src/usart.o
 .debug_abbrev  0x0000000000000ca5       0x12 Core/Startup/startup_stm32f412zgtx.o
 .debug_abbrev  0x0000000000000cb7      0x1c7 Drivers/STM32F4xx_HAL_Driver/Src/stm32f4xx_hal.o
 .debug_abbrev  0x0000000000000e7e      0x2fa Drivers/STM32F4xx_HAL_Driver/Src/stm32f4xx_hal_cortex.o
 .debug_abbrev  0x0000000000001178      0x1c9 Drivers/STM32F4xx_HAL_Driver/Src/stm32f4xx_hal_gpio.o
 .debug_abbrev  0x0000000000001341      0x266 Drivers/STM32F4xx_HAL_Driver/Src/stm32f4xx_hal_pcd.o
 .debug_abbrev  0x00000000000015a7      0x214 Drivers/STM32F4xx_HAL_Driver/Src/stm32f4xx_hal_pcd_ex.o
 .debug_abbrev  0x00000000000017bb      0x245 Drivers/STM32F4xx_HAL_Driver/Src/stm32f4xx_hal_rcc.o
 .debug_abbrev  0x0000000000001a00      0x19e Drivers/STM32F4xx_HAL_Driver/Src/stm32f4xx_hal_rcc_ex.o
 .debug_abbrev  0x0000000000001b9e      0x242 Drivers/STM32F4xx_HAL_Driver/Src/stm32f4xx_hal_uart.o
 .debug_abbrev  0x0000000000001de0      0x26d Drivers/STM32F4xx_HAL_Driver/Src/stm32f4xx_ll_usb.o
 .debug_abbrev  0x000000000000204d      0x32d Middlewares/ST/STM32_USB_Device_Library/Class/DFU/Src/usbd_dfu.o
 .debug_abbrev  0x000000000000237a      0x27d Middlewares/ST/STM32_USB_Device_Library/Core/Src/usbd_core.o
 .debug_abbrev  0x00000000000025f7      0x2ba Middlewares/ST/STM32_USB_Device_Library/Core/Src/usbd_ctlreq.o
 .debug_abbrev  0x00000000000028b1      0x1fc Middlewares/ST/STM32_USB_Device_Library/Core/Src/usbd_ioreq.o
 .debug_abbrev  0x0000000000002aad      0x1da USB_DEVICE/App/usb_device.o
 .debug_abbrev  0x0000000000002c87      0x265 USB_DEVICE/App/usbd_desc.o
 .debug_abbrev  0x0000000000002eec      0x20e USB_DEVICE/App/usbd_dfu_if.o
 .debug_abbrev  0x00000000000030fa      0x2bf USB_DEVICE/Target/usbd_conf.o

.debug_aranges  0x0000000000000000      0xe98
 .debug_aranges
                0x0000000000000000       0x20 Core/Src/gpio.o
 .debug_aranges
                0x0000000000000020       0x38 Core/Src/main.o
 .debug_aranges
                0x0000000000000058       0x20 Core/Src/stm32f4xx_hal_msp.o
 .debug_aranges
                0x0000000000000078       0x68 Core/Src/stm32f4xx_it.o
 .debug_aranges
                0x00000000000000e0       0xa8 Core/Src/syscalls.o
 .debug_aranges
                0x0000000000000188       0x20 Core/Src/sysmem.o
 .debug_aranges
                0x00000000000001a8       0x28 Core/Src/system_stm32f4xx.o
 .debug_aranges
                0x00000000000001d0       0x30 Core/Src/usart.o
 .debug_aranges
                0x0000000000000200       0x28 Core/Startup/startup_stm32f412zgtx.o
 .debug_aranges
                0x0000000000000228       0xf0 Drivers/STM32F4xx_HAL_Driver/Src/stm32f4xx_hal.o
 .debug_aranges
                0x0000000000000318      0x118 Drivers/STM32F4xx_HAL_Driver/Src/stm32f4xx_hal_cortex.o
 .debug_aranges
                0x0000000000000430       0x58 Drivers/STM32F4xx_HAL_Driver/Src/stm32f4xx_hal_gpio.o
 .debug_aranges
                0x0000000000000488      0x138 Drivers/STM32F4xx_HAL_Driver/Src/stm32f4xx_hal_pcd.o
 .debug_aranges
                0x00000000000005c0       0x60 Drivers/STM32F4xx_HAL_Driver/Src/stm32f4xx_hal_pcd_ex.o
 .debug_aranges